// Jest Snapshot v1, https://goo.gl/fbAQLP

exports[`english pages exports meta for public/en/404.html correctly: meta-description 1`] = `"Embark with us in this crazy adventure, a blog that reveals all our travels, and much more!"`;

exports[`english pages exports meta for public/en/404.html correctly: social-network 1`] = `"Embark with us in this crazy adventure, a blog that reveals all our travels, and much more!"`;

exports[`english pages exports meta for public/en/404.html correctly: title 1`] = `"404: Not found | Travel Blog"`;

exports[`english pages exports meta for public/en/404/index.html correctly: meta-description 1`] = `"Embark with us in this crazy adventure, a blog that reveals all our travels, and much more!"`;

exports[`english pages exports meta for public/en/404/index.html correctly: social-network 1`] = `"Embark with us in this crazy adventure, a blog that reveals all our travels, and much more!"`;

exports[`english pages exports meta for public/en/404/index.html correctly: title 1`] = `"404: Not found | Travel Blog"`;

exports[`english pages exports meta for public/en/about/contact/index.html correctly: meta-description 1`] = `"Do you have questions? Advice to share? Or just few words for us? Feel free to send us a message, it will be our pleasure to talk with you. ❤️"`;

exports[`english pages exports meta for public/en/about/contact/index.html correctly: social-network 1`] = `"Do you have questions? Advice to share? Or just few words for us? Feel free to send us a message, it will be our pleasure to talk with you. ❤️"`;

exports[`english pages exports meta for public/en/about/contact/index.html correctly: title 1`] = `"Contact | Travel Blog"`;

exports[`english pages exports meta for public/en/about/who/index.html correctly: meta-description 1`] = `"This blog is a sort of diary we share with you, with a few tips here and there. Above all, it's an unforgettable memory book that we will read in the future."`;

exports[`english pages exports meta for public/en/about/who/index.html correctly: social-network 1`] = `"After living for 6 years Singapore, a unique experience which allowed us to have so many trips to Asia and Oceania, we are back in France with new projects and dreams in mind."`;

exports[`english pages exports meta for public/en/about/who/index.html correctly: title 1`] = `"About us? | Travel Blog"`;

exports[`english pages exports meta for public/en/animals/orangutan/index.html correctly: meta-description 1`] = `"Let's discover this great ape and its characteristics together. Its lifestyle, its behavior, but we also tell you why this great ape is an endangered species and how to help to protect it."`;

exports[`english pages exports meta for public/en/animals/orangutan/index.html correctly: social-network 1`] = `"Endemic to Malaysia and Indonesia, the Orangutan is the largest monkey living in trees. Its name means « Man of the forest » in Malaysian. It is also considered one of our closest relatives due to its behavior."`;

exports[`english pages exports meta for public/en/animals/orangutan/index.html correctly: title 1`] = `"All about Orangutans | Practical Guide"`;

exports[`english pages exports meta for public/en/articles/index.html correctly: meta-description 1`] = `"Embark with us in this crazy adventure, a blog that reveals all our travels, and much more!"`;

exports[`english pages exports meta for public/en/articles/index.html correctly: social-network 1`] = `"Embark with us in this crazy adventure, a blog that reveals all our travels, and much more!"`;

exports[`english pages exports meta for public/en/articles/index.html correctly: title 1`] = `"All our articles | Travel Guide"`;

exports[`english pages exports meta for public/en/asia/cambodia/index.html correctly: meta-description 1`] = `"Famous for Siem Reap and the ruins of Angkor Wat, you can also sail on Tonle Sap Lake and observe the life of floating villages. In Phnom Penh, visit the royal palace and the former prison from the Khmer Rouge regime, a moving story that will make you discover Cambodia differently. Follow our city-to-city guide to discover our selection of must-see places. Our travelogue with photos, tips, and advice."`;

exports[`english pages exports meta for public/en/asia/cambodia/index.html correctly: social-network 1`] = `"Famous for Siem Reap and the ruins of Angkor Wat, you can also sail on Tonle Sap Lake and observe the life of floating villages. In Phnom Penh, visit the royal palace and the former prison from the Khmer Rouge regime, a moving story that will make you discover Cambodia differently."`;

exports[`english pages exports meta for public/en/asia/cambodia/index.html correctly: title 1`] = `"Cambodia | Travel Guide"`;

exports[`english pages exports meta for public/en/asia/cambodia/phnom-penh/index.html correctly: meta-description 1`] = `"Phnom Penh is a modern city with many cultural monuments. Its sumptuous royal palace, its sublime national museum, and so many more. Besides, discover the overwhelming history of Cambodia with its former prison from the Khmer Rouge regime. Through our articles, discover different places to visit. Our travelogue with photos, tips, and advice."`;

exports[`english pages exports meta for public/en/asia/cambodia/phnom-penh/index.html correctly: social-network 1`] = `"Phnom Penh is a modern city with many cultural monuments. Its sumptuous royal palace, its sublime national museum, and so many more. Besides, discover the overwhelming history of Cambodia with its former prison from the Khmer Rouge regime."`;

exports[`english pages exports meta for public/en/asia/cambodia/phnom-penh/index.html correctly: title 1`] = `"Phnom Penh | Travel Guide"`;

exports[`english pages exports meta for public/en/asia/cambodia/siem-reap/index.html correctly: meta-description 1`] = `"Siem Reap is famous for the Angkor Wat ruins which on its own makes a good reason to come to Cambodia You can also sail on Tonlé Sap Lake and observe the life of floating villages or take a walk in the markets at night. Discover these must-haves places with us. Through our articles, discover different places to visit. Our travelogue with photos, tips, and advice."`;

exports[`english pages exports meta for public/en/asia/cambodia/siem-reap/index.html correctly: social-network 1`] = `"Siem Reap is famous for the Angkor Wat ruins which on its own makes a good reason to come to Cambodia You can also sail on Tonlé Sap Lake and observe the life of floating villages or take a walk in the markets at night. Discover these must-haves places with us."`;

exports[`english pages exports meta for public/en/asia/cambodia/siem-reap/index.html correctly: title 1`] = `"Siem Reap | Travel Guide"`;

exports[`english pages exports meta for public/en/asia/index.html correctly: meta-description 1`] = `"Asia has so much to offer. So many countries calling for evasion and making you dream. Wonderful beaches, traditional temples, treks in the jungle... Find in our blog the most beautiful wonders of this continent for your dream holidays. Our travelogue with photos, tips, and advice."`;

exports[`english pages exports meta for public/en/asia/index.html correctly: social-network 1`] = `"Asia has so much to offer. So many countries calling for evasion and making you dream. Wonderful beaches, traditional temples, treks in the jungle... Find in our blog the most beautiful wonders of this continent for your dream holidays. Our travelogue with photos, tips, and advice."`;

exports[`english pages exports meta for public/en/asia/index.html correctly: title 1`] = `"Asia | Travel Guide"`;

exports[`english pages exports meta for public/en/asia/indonesia/bali/index.html correctly: meta-description 1`] = `"During the day, enjoy and rest on the immense beaches, or admire the landscapes in front of you, with rice terraces and impressive volcanoes. At night, Bali transforms into a party island, with its bars open all night long. Day and night, Discover this crazy island. Through our articles, discover different places to visit. Our travelogue with photos, tips, and advice."`;

exports[`english pages exports meta for public/en/asia/indonesia/bali/index.html correctly: social-network 1`] = `"During the day, enjoy and rest on the immense beaches, or admire the landscapes in front of you, with rice terraces and impressive volcanoes. At night, Bali transforms into a party island, with its bars open all night long. Day and night, Discover this crazy island."`;

exports[`english pages exports meta for public/en/asia/indonesia/bali/index.html correctly: title 1`] = `"Bali | Travel Guide"`;

exports[`english pages exports meta for public/en/asia/indonesia/index.html correctly: meta-description 1`] = `"Indonesia is the largest archipelago in the world. Trek on the volcanoes of Java, rice fields and temples in Bali, hike in the tropical forests of Sumatra, rest on the beaches of Lombok or find out the dragons of Komodo Island. Follow our island-by-island guide to discover our selection of must-see places. Our travelogue with photos, tips, and advice."`;

exports[`english pages exports meta for public/en/asia/indonesia/index.html correctly: social-network 1`] = `"Indonesia is the largest archipelago in the world. Trek on the volcanoes of Java, rice fields and temples in Bali, hike in the tropical forests of Sumatra, rest on the beaches of Lombok or find out the dragons of Komodo Island."`;

exports[`english pages exports meta for public/en/asia/indonesia/index.html correctly: title 1`] = `"Indonesia | Travel Guide"`;

exports[`english pages exports meta for public/en/asia/indonesia/komodo-island/index.html correctly: meta-description 1`] = `"Komodo is mainly famous for its huge lizard, the largest living in the world which owes its name from the island, the Komodo dragon. In addition to this National Park, you can also enjoy Flores Island, in Labuan Bajo, for accommodation or Rinca Island for diving or resting on the pink sand beaches. Through our articles, discover different places to visit. Our travelogue with photos, tips, and advice."`;

exports[`english pages exports meta for public/en/asia/indonesia/komodo-island/index.html correctly: social-network 1`] = `"Komodo is mainly famous for its huge lizard, the largest living in the world which owes its name from the island, the Komodo dragon. In addition to this National Park, you can also enjoy Flores Island, in Labuan Bajo, for accommodation or Rinca Island for diving or resting on the pink sand beaches."`;

exports[`english pages exports meta for public/en/asia/indonesia/komodo-island/index.html correctly: title 1`] = `"Komodo | Travel Guide"`;

exports[`english pages exports meta for public/en/asia/japan/customs-in-japan/index.html correctly: meta-description 1`] = `"Here is a small list of the main customs and traditions of Japan to follow in transports, in the street, in restaurants, or for daily life. Good manners that are certainly different from the ones of your country of origin."`;

exports[`english pages exports meta for public/en/asia/japan/customs-in-japan/index.html correctly: social-network 1`] = `"The Japanese are known to be the most polite people in the world and to strictly follow many customs and traditions. Good manners that make sense but can sometimes be confusing depending on the differences with our country of origin."`;

exports[`english pages exports meta for public/en/asia/japan/customs-in-japan/index.html correctly: title 1`] = `"Customs to know before visiting Japan | Travel Guide"`;

exports[`english pages exports meta for public/en/asia/japan/food-in-japan/index.html correctly: meta-description 1`] = `"What to eat in Japan? Find out our 10 Japanese food favorites. We share our opinion with you with our photos and a description of each dish."`;

exports[`english pages exports meta for public/en/asia/japan/food-in-japan/index.html correctly: social-network 1`] = `"The land of the Rising Sun has an impressive cultural heritage and breathtaking landscapes. However, if you come to Japan, you will also discover a culinary heritage that will leave a lasting impression."`;

exports[`english pages exports meta for public/en/asia/japan/food-in-japan/index.html correctly: title 1`] = `"What to eat in Japan? Discover 10 famous Japanese food | Travel Guide"`;

exports[`english pages exports meta for public/en/asia/japan/fuji/index.html correctly: meta-description 1`] = `"Visible from Tokyo, known throughout the world, Mount Fuji is one of the most famous peaks. Sacred mountain and a true inspiration for artists, it deserves its reputation. Trekking in summer, skiing in winter, or walking all year round in the surroundings, in the region of the five lakes, for example, you will be spoiled for choice. Through our articles, discover different places to visit. Our travelogue with photos, tips, and advice."`;

exports[`english pages exports meta for public/en/asia/japan/fuji/index.html correctly: social-network 1`] = `"Visible from Tokyo, known throughout the world, Mount Fuji is one of the most famous peaks. Sacred mountain and a true inspiration for artists, it deserves its reputation. Trekking in summer, skiing in winter, or walking all year round in the surroundings, in the region of the five lakes, for example, you will be spoiled for choice."`;

exports[`english pages exports meta for public/en/asia/japan/fuji/index.html correctly: title 1`] = `"Mount Fuji | Travel Guide"`;

exports[`english pages exports meta for public/en/asia/japan/fuji/kawaguchiko-lake/index.html correctly: meta-description 1`] = `"Mount Fuji is a symbol of the land of the Rising Sun. Located southwest of Tokyo, it is also the highest summit in Japan, with five lakes around it. We decided to observe it from Kawaguchi Lake. Come with us for this lovely discovery. Our travelogue with photos, tips, and advice."`;

exports[`english pages exports meta for public/en/asia/japan/fuji/kawaguchiko-lake/index.html correctly: social-network 1`] = `"Mount Fuji is a symbol of the land of the Rising Sun. Located southwest of Tokyo, it is also the highest summit in Japan, with five lakes around it. We decided to observe it from Kawaguchi Lake."`;

exports[`english pages exports meta for public/en/asia/japan/fuji/kawaguchiko-lake/index.html correctly: title 1`] = `"Kawaguchi Lake: View of Mount Fuji | Travel Guide"`;

exports[`english pages exports meta for public/en/asia/japan/himeji/himeji-castle/index.html correctly: meta-description 1`] = `"Magnificent castle, also known as the White Heron Castle. It is considered one of the most beautiful castles in Japan. It is also known to be a great place to observe sakura, during the cherry blossom season in spring. Come with us for this lovely discovery. Our travelogue with photos, tips, and advice."`;

exports[`english pages exports meta for public/en/asia/japan/himeji/himeji-castle/index.html correctly: social-network 1`] = `"Magnificent castle, also known as the White Heron Castle. It is considered one of the most beautiful castles in Japan. It is also known to be a great place to observe sakura, during the cherry blossom season in spring."`;

exports[`english pages exports meta for public/en/asia/japan/himeji/himeji-castle/index.html correctly: title 1`] = `"The magnificent white Himeji Castle | Travel Guide"`;

exports[`english pages exports meta for public/en/asia/japan/himeji/index.html correctly: meta-description 1`] = `"Himeji is above all known for its magnificent castle, considered one of the most beautiful castles in Japan. But Himeji is not just about a castle. Take a day and discover the Koko-en Garden, a huge park with multiple gardens and go on an excursion to Mount Shosha. Through our articles, discover different places to visit. Our travelogue with photos, tips, and advice."`;

exports[`english pages exports meta for public/en/asia/japan/himeji/index.html correctly: social-network 1`] = `"Himeji is above all known for its magnificent castle, considered one of the most beautiful castles in Japan. But Himeji is not just about a castle. Take a day and discover the Koko-en Garden, a huge park with multiple gardens and go on an excursion to Mount Shosha."`;

exports[`english pages exports meta for public/en/asia/japan/himeji/index.html correctly: title 1`] = `"Himeji | Travel Guide"`;

exports[`english pages exports meta for public/en/asia/japan/index.html correctly: meta-description 1`] = `"Traveling to the Land of the Rising Sun means discovering a mix of modernity and tradition. Admire the fascinating changes of scenery depending on the season. Discover bustling cities and neighborhoods. Follow our city-to-city and season-to-season guide to discover our selection of must-see places. Our travelogue with photos, tips, and advice."`;

exports[`english pages exports meta for public/en/asia/japan/index.html correctly: social-network 1`] = `"Traveling to the Land of the Rising Sun means discovering a mix of modernity and tradition. Admire the fascinating changes of scenery depending on the season. Discover bustling cities and neighborhoods.."`;

exports[`english pages exports meta for public/en/asia/japan/index.html correctly: title 1`] = `"Japan | Travel Guide"`;

exports[`english pages exports meta for public/en/asia/japan/kyoto/arashiyama/index.html correctly: meta-description 1`] = `"Arashiyama Bamboo Forest is arguably Japan's most famous bamboo grove, located northwest of Kyoto, near the Katsura River and Arashiyama Monkey Park. Come with us for this lovely discovery. Our travelogue with photos, tips, and advice."`;

exports[`english pages exports meta for public/en/asia/japan/kyoto/arashiyama/index.html correctly: social-network 1`] = `"Arashiyama Bamboo Forest is arguably Japan's most famous bamboo grove, located northwest of Kyoto, near the Katsura River and Arashiyama Monkey Park."`;

exports[`english pages exports meta for public/en/asia/japan/kyoto/arashiyama/index.html correctly: title 1`] = `"Kyoto: Arashiyama Bamboo Forest | Travel Guide"`;

exports[`english pages exports meta for public/en/asia/japan/kyoto/daigoji/index.html correctly: meta-description 1`] = `"Daigo-ji is composed of multiple Buddhist temples and gardens built in 874 at the base of Daigo-san Mountain in Kyoto. Also known as « Temple of Flowers », it will amaze you every season. Come with us for this lovely discovery. Our travelogue with photos, tips, and advice."`;

exports[`english pages exports meta for public/en/asia/japan/kyoto/daigoji/index.html correctly: social-network 1`] = `"Daigo-ji is composed of multiple Buddhist temples and gardens built in 874 at the base of Daigo-san Mountain in Kyoto. Also known as « Temple of Flowers », it will amaze you every season."`;

exports[`english pages exports meta for public/en/asia/japan/kyoto/daigoji/index.html correctly: title 1`] = `"Daigo-ji : Cherry Blossom Spot in Kyoto | Travel Guide"`;

exports[`english pages exports meta for public/en/asia/japan/kyoto/fushimi-inari-taisha/index.html correctly: meta-description 1`] = `"Fushimi Inari-taisha is a shrine located in the Fushimi-ku district of Kyoto, Japan. He is famous for the thousands of Vermilion Torii which create a path in a forest filled with pine trees. Join us for a walk in this gigantic sanctuary, in the middle of its Torii. Our travelogue with photos, tips, and advice."`;

exports[`english pages exports meta for public/en/asia/japan/kyoto/fushimi-inari-taisha/index.html correctly: social-network 1`] = `"Fushimi Inari-taisha is a shrine located in the Fushimi-ku district of Kyoto, Japan. He is famous for the thousands of Vermilion Torii which create a path in a forest filled with pine trees."`;

exports[`english pages exports meta for public/en/asia/japan/kyoto/fushimi-inari-taisha/index.html correctly: title 1`] = `"Fushimi Inari-Taisha: The Thousand Torii Trail in Kyoto | Travel Guide"`;

exports[`english pages exports meta for public/en/asia/japan/kyoto/index.html correctly: meta-description 1`] = `"Renowned for its many temples and monuments classified as World Heritage by Unesco, Kyoto is the most visited city after Tokyo, a destination not to be missed during your stay in Japan. Discover gems in the different districts that make the Japanese culture so incredible. Through our articles, discover different places to visit. Our travelogue with photos, tips, and advice."`;

exports[`english pages exports meta for public/en/asia/japan/kyoto/index.html correctly: social-network 1`] = `"Renowned for its many temples and monuments classified as World Heritage by Unesco, Kyoto is the most visited city after Tokyo, a destination not to be missed during your stay in Japan. Discover gems in the different districts that make the Japanese culture so incredible."`;

exports[`english pages exports meta for public/en/asia/japan/kyoto/index.html correctly: title 1`] = `"Kyoto | Travel Guide"`;

exports[`english pages exports meta for public/en/asia/japan/kyoto/kinkakuji/index.html correctly: meta-description 1`] = `"Buddhist temple located in Kyoto. It is one of the temples most renowned for its aesthetic. Also known as the Golden Pavilion, it owes its name to the fact that it is completely covered in gold leaf. Come with us for this lovely discovery. Our travelogue with photos, tips, and advice."`;

exports[`english pages exports meta for public/en/asia/japan/kyoto/kinkakuji/index.html correctly: social-network 1`] = `"Buddhist temple located in Kyoto. It is one of the temples most renowned for its aesthetic. Also known as the Golden Pavilion, it owes its name to the fact that it is completely covered in gold leaf."`;

exports[`english pages exports meta for public/en/asia/japan/kyoto/kinkakuji/index.html correctly: title 1`] = `"Kinkaku-Ji: The Golden Temple of Kyoto | Travel Guide"`;

exports[`english pages exports meta for public/en/asia/japan/nagoya/index.html correctly: meta-description 1`] = `"Despite being the fourth most populous city in Japan, Nagoya is far too little known to travelers, yet it is home to many lovely places to visit. Numerous temples and parks without forgetting its splendid castle, not less beautiful than other castles in Japan. And if you want a more lively area day or night, explore the Sakae district. Through our articles, discover different places to visit. Our travelogue with photos, tips, and advice."`;

exports[`english pages exports meta for public/en/asia/japan/nagoya/index.html correctly: social-network 1`] = `"Despite being the fourth most populous city in Japan, Nagoya is far too little known to travelers, yet it is home to many lovely places to visit. Numerous temples and parks without forgetting its splendid castle, not less beautiful than other castles in Japan. And if you want a more lively area day or night, explore the Sakae district."`;

exports[`english pages exports meta for public/en/asia/japan/nagoya/index.html correctly: title 1`] = `"Nagoya | Travel Guide"`;

exports[`english pages exports meta for public/en/asia/japan/nagoya/nagoya-castle/index.html correctly: meta-description 1`] = `"Symbol of this not-touristy city in Japan, Nagoya Castle is the pride of Nagoya. Located downtown, it is surrounded by a large park. Join us for a little visit. Our travelogue with photos, tips, and advice."`;

exports[`english pages exports meta for public/en/asia/japan/nagoya/nagoya-castle/index.html correctly: social-network 1`] = `"Symbol of this not-touristy city in Japan, Nagoya Castle is the pride of Nagoya. Located downtown, it is surrounded by a large park."`;

exports[`english pages exports meta for public/en/asia/japan/nagoya/nagoya-castle/index.html correctly: title 1`] = `"The second life of Nagoya Castle | Travel Guide"`;

exports[`english pages exports meta for public/en/asia/japan/nagoya/toganji/index.html correctly: meta-description 1`] = `"Entering into the Togan-ji temple is like entering a new world hidden behind the foliage. We do not suspect at all the presence of such a place from the adjacent streets. Come with us to discover the Togan-Ji temple and its big Buddha. Our travelogue with photos, tips, and advice."`;

exports[`english pages exports meta for public/en/asia/japan/nagoya/toganji/index.html correctly: social-network 1`] = `"Entering into the Togan-ji temple is like entering a new world hidden behind the foliage. We do not suspect at all the presence of such a place from the adjacent streets."`;

exports[`english pages exports meta for public/en/asia/japan/nagoya/toganji/index.html correctly: title 1`] = `"Nagoya : Togan-Ji Temple and its Huge Buddha | Travel Guide"`;

exports[`english pages exports meta for public/en/asia/japan/prepare-japan/index.html correctly: meta-description 1`] = `"We all have so many questions when planning a trip and especially how to organize? In this article, you will find information and advice that will help you to prepare for your trip to the Land of the Rising Sun. Why go to Japan? When to go? How many days or weeks? How much money to budget? What are the procedures to follow? We also share with you about accommodations, what you need to bring, the dangers you may face, and our opinion about Japan."`;

exports[`english pages exports meta for public/en/asia/japan/prepare-japan/index.html correctly: social-network 1`] = `"We all have so many questions when planning a trip and especially how to organize? In this article, you will find our information and advice to help you prepare for your trip to Japan."`;

exports[`english pages exports meta for public/en/asia/japan/prepare-japan/index.html correctly: title 1`] = `"Prepare your travel to Japan | Travel Guide"`;

exports[`english pages exports meta for public/en/asia/japan/spring-in-japan/index.html correctly: meta-description 1`] = `"Japan, this unmissable country to visit in Asia. Every season has its own scenery. We went to Japan in spring, during the cherry blossom season. Whether you prefer the city or the countryside, there will obviously be something that you will get interested in... Join us for a week in the Land of the Rising Sun. Our travelogue with photos, tips, and advice."`;

exports[`english pages exports meta for public/en/asia/japan/spring-in-japan/index.html correctly: social-network 1`] = `"Japan, this unmissable country to visit in Asia. Every season has its own scenery. We went to Japan in spring, during the cherry blossom season. Whether you prefer the city or the countryside, there will obviously be something that you will get interested in ..."`;

exports[`english pages exports meta for public/en/asia/japan/spring-in-japan/index.html correctly: title 1`] = `"Spring In Japan: Under the Sakuras | Travel Guide"`;

exports[`english pages exports meta for public/en/asia/japan/tokyo/hamarikyu-garden/index.html correctly: meta-description 1`] = `"Hidden in the middle of skyscrapers lies a true haven of peace, the Hamarikyu Gardens. It is the perfect place to recharge your batteries in the middle of the largest megalopolis in the world. Join us to discover this beautiful Japanese garden. Our travelogue with photos, tips, and advice."`;

exports[`english pages exports meta for public/en/asia/japan/tokyo/hamarikyu-garden/index.html correctly: social-network 1`] = `"Hidden in the middle of skyscrapers lies a true haven of peace, the Hamarikyu Gardens. It is the perfect place to recharge your batteries in the middle of the largest megalopolis in the world."`;

exports[`english pages exports meta for public/en/asia/japan/tokyo/hamarikyu-garden/index.html correctly: title 1`] = `"Hamarikyu Gardens : A Haven of Peace in the Middle of Tokyo | Travel Guide"`;

exports[`english pages exports meta for public/en/asia/japan/tokyo/index.html correctly: meta-description 1`] = `"Discover the bustling life of Tokyo, the most populous megacity in the world. Tokyo is so big that there must be a neighborhood to your liking. From trendy, vibrant, and ultra-modern neighborhoods to the deafening silence of downtown parks, every trip to Tokyo offers a different experience. Through our articles, discover different places to visit. Our travelogue with photos, tips, and advice."`;

exports[`english pages exports meta for public/en/asia/japan/tokyo/index.html correctly: social-network 1`] = `"Discover the bustling life of Tokyo, the most populous megacity in the world. Tokyo is so big that there must be a neighborhood to your liking. From trendy, vibrant, and ultra-modern neighborhoods to the deafening silence of downtown parks, every trip to Tokyo offers a different experience."`;

exports[`english pages exports meta for public/en/asia/japan/tokyo/index.html correctly: title 1`] = `"Tokyo | Travel Guide"`;

exports[`english pages exports meta for public/en/asia/japan/tokyo/sensoji/index.html correctly: meta-description 1`] = `"Senso-Ji temple is the oldest temple in Tokyo. It is a Buddhist temple located in the popular district of Asakusa. It attracts thousands of visitors every day and is certainly one of the most photographed temples. Join us to discover this majestic sanctuary. Our travelogue with photos, tips, and advice."`;

exports[`english pages exports meta for public/en/asia/japan/tokyo/sensoji/index.html correctly: social-network 1`] = `"Senso-Ji temple is the oldest temple in Tokyo. It is a Buddhist temple located in the popular district of Asakusa. It attracts thousands of visitors every day and is certainly one of the most photographed temples."`;

exports[`english pages exports meta for public/en/asia/japan/tokyo/sensoji/index.html correctly: title 1`] = `"Sensō-ji, the oldest Temple in Tokyo | Travel Guide"`;

exports[`english pages exports meta for public/en/asia/japan/tokyo/shibuya-district/index.html correctly: meta-description 1`] = `"Shibuya is a must-see district in Tokyo. A true symbol of culture, trendy, young and dynamic district. Stroll in the streets of Shibuya, at day or at night and experience the hectic life of Tokyo for a few days. Join us to discover this famous district. Our travelogue with photos, tips, and advice."`;

exports[`english pages exports meta for public/en/asia/japan/tokyo/shibuya-district/index.html correctly: social-network 1`] = `"Shibuya is a must-see district in Tokyo. A true symbol of culture, trendy, young and dynamic district. Stroll in the streets of Shibuya, at day or at night and experience the hectic life of Tokyo for a few days."`;

exports[`english pages exports meta for public/en/asia/japan/tokyo/shibuya-district/index.html correctly: title 1`] = `"Tokyo: The crazy Shibuya district | Travel Guide"`;

exports[`english pages exports meta for public/en/asia/japan/tokyo/two-days-in-tokyo/index.html correctly: meta-description 1`] = `"Welcome to Tokyo, the most populous city in the world with its 40 million inhabitants. From the business district to the fashion district, from culture to the geek world, each district has its different universe. Discover our two days through the city of Tokyo. Our travelogue with photos, tips, and advice."`;

exports[`english pages exports meta for public/en/asia/japan/tokyo/two-days-in-tokyo/index.html correctly: social-network 1`] = `"Welcome to Tokyo, the most populous city in the world with its 40 million inhabitants. From the business district to the fashion district, from culture to the geek world, each district has its different universe."`;

exports[`english pages exports meta for public/en/asia/japan/tokyo/two-days-in-tokyo/index.html correctly: title 1`] = `"Two Days In Tokyo | Travel Guide"`;

exports[`english pages exports meta for public/en/asia/japan/tokyo/ueno-park/index.html correctly: meta-description 1`] = `"Located in the Ueno district, the park, bearing the same name, is the oldest park in Japan. Open since 1873, it is famous for its cherry trees which attract thousands of people in spring. But it is also home to many other activities. Join us for a walk in this gigantic park. Our travelogue with photos, tips, and advice."`;

exports[`english pages exports meta for public/en/asia/japan/tokyo/ueno-park/index.html correctly: social-network 1`] = `"Located in the Ueno district, the park, bearing the same name, is the oldest park in Japan. Open since 1873, it is famous for its cherry trees which attract thousands of people in spring. But it is also home to many other activities."`;

exports[`english pages exports meta for public/en/asia/japan/tokyo/ueno-park/index.html correctly: title 1`] = `"Ueno Park in Tokyo: The meeting place of Sakuras | Travel Guide"`;

exports[`english pages exports meta for public/en/asia/japan/tokyo/yasukuni-dori/index.html correctly: meta-description 1`] = `"All of a sudden, let there be light. Without warning, we are in the middle of Yasukuni-Dori Street, surrounded by large buildings filled with light panels, from the bottom to the top. Watch out, Godzilla is around. Discover this lively street day and night. Our travelogue with photos, tips, and advice."`;

exports[`english pages exports meta for public/en/asia/japan/tokyo/yasukuni-dori/index.html correctly: social-network 1`] = `"All of a sudden, let there be light. Without warning, we are in the middle of Yasukuni-Dori Street, surrounded by large buildings filled with light panels, from the bottom to the top. Watch out, Godzilla is around."`;

exports[`english pages exports meta for public/en/asia/japan/tokyo/yasukuni-dori/index.html correctly: title 1`] = `"Yasukuni-Dori: The street of a thousand lights in Shinjuku | Travel Guide"`;

exports[`english pages exports meta for public/en/asia/japan/transports-in-japan/index.html correctly: meta-description 1`] = `"It is necessary to know which mode of transport you want to use to plan your trip to Japan. In this article, you will find our information and advice that will help you to choose the best mode of transport, depending on your needs. Price? How to book? We tell you all the information you need and share our opinion."`;

exports[`english pages exports meta for public/en/asia/japan/transports-in-japan/index.html correctly: social-network 1`] = `"It is necessary to know which mode of transport you want to use to plan your trip to Japan. It will impact your budget as well as the speed and the duration of your travels from city to city."`;

exports[`english pages exports meta for public/en/asia/japan/transports-in-japan/index.html correctly: title 1`] = `"All you need to know about transportation in Japan | Travel Guide"`;

exports[`english pages exports meta for public/en/asia/malaysia/east-malaysia/bako-national-park/index.html correctly: meta-description 1`] = `"Located on the Borneo island, Bako National Park is a real gem of biodiversity. Sumptuous landscapes with tropical forests, mangroves, cliffs, waterfalls, paradisiacal beaches, and hikes to search for unique animals. Join us on an unforgettable tour of this secluded pearl of Borneo, in Malaysia. Our travelogue with photos, tips, and advice."`;

exports[`english pages exports meta for public/en/asia/malaysia/east-malaysia/bako-national-park/index.html correctly: social-network 1`] = `"Located on the Borneo island, Bako National Park is a real gem of biodiversity. Sumptuous landscapes with tropical forests, mangroves, cliffs, waterfalls, paradisiacal beaches, and hikes to search for unique animals."`;

exports[`english pages exports meta for public/en/asia/malaysia/east-malaysia/bako-national-park/index.html correctly: title 1`] = `"Bako National Park: One of Borneo's Gem | Travel Guide"`;

exports[`english pages exports meta for public/en/asia/malaysia/east-malaysia/index.html correctly: meta-description 1`] = `"Wild landscapes and jungles still exist despite excessive deforestation. The forests, mountains, and rivers of Borneo are home to wild or rehabilitated animals such as elephants, orangutans, or proboscis monkeys. Many of these animals are endemic to this island. Through our articles, discover different places to visit. Our travelogue with photos, tips, and advice."`;

exports[`english pages exports meta for public/en/asia/malaysia/east-malaysia/index.html correctly: social-network 1`] = `"Wild landscapes and jungles still exist despite excessive deforestation. The forests, mountains, and rivers of Borneo are home to wild or rehabilitated animals such as elephants, orangutans, or proboscis monkeys. Many of these animals are endemic to this island."`;

exports[`english pages exports meta for public/en/asia/malaysia/east-malaysia/index.html correctly: title 1`] = `"East Malaysia | Travel Guide"`;

exports[`english pages exports meta for public/en/asia/malaysia/east-malaysia/kubah-night-frogs-tour/index.html correctly: meta-description 1`] = `"Borneo is famous for its wild elephants, Orangutans, and proboscis monkeys. What if we shed some light on a smaller animal? With over 60 frogs species of all colors, shapes, and sizes, Kubah National Park is ideal for a night-time search for these small amphibians. Join us for a night walk. Our travelogue with photos, tips, and advice."`;

exports[`english pages exports meta for public/en/asia/malaysia/east-malaysia/kubah-night-frogs-tour/index.html correctly: social-network 1`] = `"Borneo is famous for its wild elephants, Orangutans, and proboscis monkeys. What if we shed some light on a smaller animal? With over 60 frogs species of all colors, shapes, and sizes, Kubah National Park is ideal for a night-time search for these small amphibians."`;

exports[`english pages exports meta for public/en/asia/malaysia/east-malaysia/kubah-night-frogs-tour/index.html correctly: title 1`] = `"Kubah Park Night Walk: Search for Borneo Frogs | Travel Guide"`;

exports[`english pages exports meta for public/en/asia/malaysia/east-malaysia/semenggoh-nature-reserve/index.html correctly: meta-description 1`] = `"Borneo is one of the few places in Asia where there are still a few animals in the wild, but it is not easy to see them. At Semenggoh Nature Reserve, you will have the chance to observe orangutans in semi-freedom in this jungle designed for them. Come with us to visit this nature reserve and discover our incredible encounter with the Orangutans. Our travelogue with photos, tips, and advice."`;

exports[`english pages exports meta for public/en/asia/malaysia/east-malaysia/semenggoh-nature-reserve/index.html correctly: social-network 1`] = `"Borneo is one of the few places in Asia where there are still a few animals in the wild, but it is not easy to see them. At Semenggoh Nature Reserve, you will have the chance to observe orangutans in semi-freedom in this jungle designed for them."`;

exports[`english pages exports meta for public/en/asia/malaysia/east-malaysia/semenggoh-nature-reserve/index.html correctly: title 1`] = `"Semenggoh Nature Reserve: Meeting Bornean Orangutans | Travel Guide"`;

exports[`english pages exports meta for public/en/asia/malaysia/east-malaysia/weekend-in-kuching/index.html correctly: meta-description 1`] = `"Borneo is one of the wildest lands in the world, with animals that you won't find anywhere else. Forget the big cities, the buildings, and the pollution and let you guide by this unique nature in the middle of a green jungle. Come with us to discover some of the gems of this island located in the south of Sarawak. Our travelogue with photos, tips, and advice."`;

exports[`english pages exports meta for public/en/asia/malaysia/east-malaysia/weekend-in-kuching/index.html correctly: social-network 1`] = `"Borneo is one of the wildest lands in the world, with animals that you won't find anywhere else. Forget the big cities, the buildings, and the pollution and let you guide by this unique nature in the middle of a green jungle."`;

exports[`english pages exports meta for public/en/asia/malaysia/east-malaysia/weekend-in-kuching/index.html correctly: title 1`] = `"Borneo: A weekend around Kuching | Travel Guide"`;

exports[`english pages exports meta for public/en/asia/malaysia/index.html correctly: meta-description 1`] = `"Malaysia is divided into two parts. West Malaysia (Peninsular or Malaya) includes most of the large modern cities, such as Kuala Lumpur, Johor, and Malacca. While East Malaysia, in the north of Borneo island, is mainly covered by rainforests, populated by animals. Follow our region-by-region guide to discover our selection of must-see places. Our travelogue with photos, tips, and advice."`;

exports[`english pages exports meta for public/en/asia/malaysia/index.html correctly: social-network 1`] = `"Malaysia is divided into two parts. West Malaysia (Peninsular or Malaya) includes most of the large modern cities, such as Kuala Lumpur, Johor, and Malacca. While East Malaysia, in the north of Borneo island, is mainly covered by rainforests, populated by animals."`;

exports[`english pages exports meta for public/en/asia/malaysia/index.html correctly: title 1`] = `"Malaysia | Travel Guide"`;

exports[`english pages exports meta for public/en/asia/malaysia/west-malaysia/index.html correctly: meta-description 1`] = `"Besides the modern and big cities like Kuala Lumpur, Johor, and Malacca, Malaysia hosts many parks, for instance in search of the famous rafflesia, or gorgeous landscape and tea plantations such as Cameron Highlands. Through our articles, discover different places to visit. Our travelogue with photos, tips, and advice."`;

exports[`english pages exports meta for public/en/asia/malaysia/west-malaysia/index.html correctly: social-network 1`] = `"Besides the modern and big cities like Kuala Lumpur, Johor, and Malacca, Malaysia hosts many parks, for instance in search of the famous rafflesia, or gorgeous landscape and tea plantations such as Cameron Highlands."`;

exports[`english pages exports meta for public/en/asia/malaysia/west-malaysia/index.html correctly: title 1`] = `"West Malaysia | Travel Guide"`;

exports[`english pages exports meta for public/en/asia/malaysia/west-malaysia/langkawi-dream-hotel/index.html correctly: meta-description 1`] = `"Located in the north of Malaysia, Langkawi is an archipelago of 99 islands. An ideal destination for a dream vacation. Hiking in the jungle or national parks but above all lazing on idyllic beaches to enjoy the sun and the hot sand while sipping a cocktail. Join us to discover a hotel located on a small private island. Our travelogue with photos, tips, and advice."`;

exports[`english pages exports meta for public/en/asia/malaysia/west-malaysia/langkawi-dream-hotel/index.html correctly: social-network 1`] = `"Located in the north of Malaysia, Langkawi is an archipelago of 99 islands. An ideal destination for a dream vacation. Hiking in the jungle or national parks but above all lazing on idyllic beaches to enjoy the sun and the hot sand while sipping a cocktail. Join us to discover a hotel located on a small private island. Our travelogue with photos, tips, and advice."`;

exports[`english pages exports meta for public/en/asia/malaysia/west-malaysia/langkawi-dream-hotel/index.html correctly: title 1`] = `"Dream hotel in Langkawi | Travel Blog"`;

exports[`english pages exports meta for public/en/asia/philippines/index.html correctly: meta-description 1`] = `"The Philippines comprises more than 7,600 islands, which means that you are spoilt for choice for your dream vacation. Breathtaking landscapes, unique gorgeous islands and immense snorkeling and diving spots. Follow our guide to discover our selection of must-see places. Our travelogue with photos, tips, and advice."`;

exports[`english pages exports meta for public/en/asia/philippines/index.html correctly: social-network 1`] = `"The Philippines comprises more than 7,600 islands, which means that you are spoilt for choice for your dream vacation. Breathtaking landscapes, unique gorgeous islands and immense snorkeling and diving spots."`;

exports[`english pages exports meta for public/en/asia/philippines/index.html correctly: title 1`] = `"Philippines | Travel Guide"`;

exports[`english pages exports meta for public/en/asia/philippines/palawan/el-nido-paradise/index.html correctly: meta-description 1`] = `"Breathtaking landscapes, white sands and turquoise water ... El Nido must imperatively be part of your dream travel list for this new year. Join us to discover this paradise. Our travelogue with photos, tips, and advice."`;

exports[`english pages exports meta for public/en/asia/philippines/palawan/el-nido-paradise/index.html correctly: social-network 1`] = `"Breathtaking landscapes, white sands and turquoise water ... El Nido must imperatively be part of your dream travel list for this new year."`;

exports[`english pages exports meta for public/en/asia/philippines/palawan/el-nido-paradise/index.html correctly: title 1`] = `"El Nido: A little paradise | Travel Guide"`;

exports[`english pages exports meta for public/en/asia/philippines/palawan/el-nido-tour-a/index.html correctly: meta-description 1`] = `"Lagoons with crystal clear waters, secluded beaches just for you and still intact snorkeling and diving sites. Did you think that could only exist in your dreams? Welcome to El Nido Tour A. Come with us for an excursion. Our travelogue with photos, tips, and advice."`;

exports[`english pages exports meta for public/en/asia/philippines/palawan/el-nido-tour-a/index.html correctly: social-network 1`] = `"Lagoons with crystal clear waters, secluded beaches just for you and still intact snorkeling and diving sites. Did you think that could only exist in your dreams? Welcome to El Nido Tour A."`;

exports[`english pages exports meta for public/en/asia/philippines/palawan/el-nido-tour-a/index.html correctly: title 1`] = `"El Nido - Tour A: Travelogue and Photos | Travel Guide"`;

exports[`english pages exports meta for public/en/asia/philippines/palawan/el-nido-tour-b/index.html correctly: meta-description 1`] = `"Due to the variety of sites it will bring you to, the Tour B is somewhat unique in El Nido: sandbank, cave, desert island... You will learn what the word travel means. Come with us for an excursion. Our travelogue with photos, tips, and advice."`;

exports[`english pages exports meta for public/en/asia/philippines/palawan/el-nido-tour-b/index.html correctly: social-network 1`] = `"Due to the variety of sites it will bring you to, the Tour B is somewhat unique in El Nido: sandbank, cave, desert island... You will learn what the word travel means."`;

exports[`english pages exports meta for public/en/asia/philippines/palawan/el-nido-tour-b/index.html correctly: title 1`] = `"El Nido - Tour B: Travelogue and Photos | Travel Guide"`;

exports[`english pages exports meta for public/en/asia/philippines/palawan/el-nido-which-tour/index.html correctly: meta-description 1`] = `"El Nido is one of the most famous destinations in the Philippines, mainly thanks to the Bacuit Archipelago, Dotted with paradisiacal islands and islets, it truly is the gem of Palawan. Come with us to discover these islands. Our travelogue with photos, tips, and advice."`;

exports[`english pages exports meta for public/en/asia/philippines/palawan/el-nido-which-tour/index.html correctly: social-network 1`] = `"El Nido is one of the most famous destinations in the Philippines, mainly thanks to the Bacuit Archipelago, Dotted with paradisiacal islands and islets, it truly is the gem of Palawan."`;

exports[`english pages exports meta for public/en/asia/philippines/palawan/el-nido-which-tour/index.html correctly: title 1`] = `"Bacuit Archipelago: Which tour to choose? | Travel Guide"`;

exports[`english pages exports meta for public/en/asia/philippines/palawan/index.html correctly: meta-description 1`] = `"Do you want to join us to discover Palawan Island? And more particularly in one of its jewels: El Nido. Grab your mask and snorkel or dive in these crystal clear waters that will leave you a lasting impression. Take advantage of the different tours called \\"Island hopping\\" to choose what suits you best. Through our articles, discover different places to visit. Our travelogue with photos, tips, and advice."`;

exports[`english pages exports meta for public/en/asia/philippines/palawan/index.html correctly: social-network 1`] = `"Do you want to join us to discover Palawan Island? And more particularly in one of its jewels: El Nido. Grab your mask and snorkel or dive in these crystal clear waters that will leave you a lasting impression. Take advantage of the different tours called \\"Island hopping\\" to choose what suits you best."`;

exports[`english pages exports meta for public/en/asia/philippines/palawan/index.html correctly: title 1`] = `"Palawan | Travel Guide"`;

exports[`english pages exports meta for public/en/asia/singapore/christmas-in-singapore/index.html correctly: meta-description 1`] = `"Celebrating Christmas in a foreign country is the opportunity to live a unique experience, often very different from what we are used to. It is the ideal opportunity to discover a new culture and new traditions. Come with us to discover the best places to visit for the holiday season. Our travelogue with photos, tips, and advice."`;

exports[`english pages exports meta for public/en/asia/singapore/christmas-in-singapore/index.html correctly: social-network 1`] = `"Celebrating Christmas in a foreign country is the opportunity to live a unique experience, often very different from what we are used to. It is the ideal opportunity to discover a new culture and new traditions."`;

exports[`english pages exports meta for public/en/asia/singapore/christmas-in-singapore/index.html correctly: title 1`] = `"A Christmas in Singapore | Travel Blog"`;

exports[`english pages exports meta for public/en/asia/singapore/index.html correctly: meta-description 1`] = `"Singapore is a forgotten country. The transit between two flights, rarely visited. Yet if you take the trouble to stop there, you will discover gorgeous places with extraordinary flora and fauna that will make you forget the city. Walk in botanical garden or in the jungle to observe monitor lizards or hornbills. Through our articles, discover different places to visit. Our travelogue with photos, tips, and advice."`;

exports[`english pages exports meta for public/en/asia/singapore/index.html correctly: social-network 1`] = `"Singapore is a forgotten country. The transit between two flights, rarely visited. Yet if you take the trouble to stop there, you will discover gorgeous places with extraordinary flora and fauna that will make you forget the city. Walk in botanical garden or in the jungle to observe monitor lizards or hornbills."`;

exports[`english pages exports meta for public/en/asia/singapore/index.html correctly: title 1`] = `"Singapore | Travel Guide"`;

exports[`english pages exports meta for public/en/asia/taiwan/index.html correctly: meta-description 1`] = `"Discover the island of Taiwan beyond its modern capital. Go on treks in Taroko National Park, discover the mountainous city of Jiufen and its extraordinary peak view, or walk near the beaches to discover atypical rock formations. Follow our guide to discover our selection of must-see places. Our travelogue with photos, tips, and advice."`;

exports[`english pages exports meta for public/en/asia/taiwan/index.html correctly: social-network 1`] = `"Discover the island of Taiwan beyond its modern capital. Go on treks in Taroko National Park, discover the mountainous city of Jiufen and its extraordinary peak view, or walk near the beaches to discover atypical rock formations."`;

exports[`english pages exports meta for public/en/asia/taiwan/index.html correctly: title 1`] = `"Taiwan | Travel Guide"`;

exports[`english pages exports meta for public/en/asia/vietnam/central-vietnam/index.html correctly: meta-description 1`] = `"Characterized by cultural cities such as Hue and its monuments, sublime beaches in Da Nang to rest, magnificent national parks such as Bach Ma or Phong Nha to discover extraordinary landscapes, or the little Venice of Vietnam, Hoi An, and its thousand lights. Through our articles, discover different places to visit. Our travelogue with photos, tips, and advice."`;

exports[`english pages exports meta for public/en/asia/vietnam/central-vietnam/index.html correctly: social-network 1`] = `"Characterized by cultural cities such as Hue and its monuments, sublime beaches in Da Nang to rest, magnificent national parks such as Bach Ma or Phong Nha to discover extraordinary landscapes, or the little Venice of Vietnam, Hoi An, and its thousand lights."`;

exports[`english pages exports meta for public/en/asia/vietnam/central-vietnam/index.html correctly: title 1`] = `"Central Vietnam | Travel Guide"`;

exports[`english pages exports meta for public/en/asia/vietnam/index.html correctly: meta-description 1`] = `"Vietnam is a unique destination. Magnificent and varied landscapes, natural parks, a cultural heritage and a rich historical heritage... From Ho Chi Minh City to Hanoi, via Da Nang, each destination offers its own history and a different experience. Follow our guide from region to region to discover our selection of must-see places. Our travelogue with photos, tips, and advice."`;

exports[`english pages exports meta for public/en/asia/vietnam/index.html correctly: social-network 1`] = `"Vietnam is a unique destination. Magnificent and varied landscapes, natural parks, a cultural heritage and a rich historical heritage... From Ho Chi Minh City to Hanoi, via Da Nang, each destination offers its own history and a different experience."`;

exports[`english pages exports meta for public/en/asia/vietnam/index.html correctly: title 1`] = `"Vietnam | Travel Guide"`;

exports[`english pages exports meta for public/en/asia/vietnam/northern-vietnam/index.html correctly: meta-description 1`] = `"Discover Hanoi the capital but also fly to magnificent landscapes such as Halong Bay, Tam Coc, Ninh Binh, or further north with the sumptuous rice terraces. Don't forget to have traditional dishes. Vietnam will delight your taste buds. Through our articles, discover different places to visit. Our travelogue with photos, tips, and advice."`;

exports[`english pages exports meta for public/en/asia/vietnam/northern-vietnam/index.html correctly: social-network 1`] = `"Discover Hanoi the capital but also fly to magnificent landscapes such as Halong Bay, Tam Coc, Ninh Binh, or further north with the sumptuous rice terraces. Don't forget to have traditional dishes. Vietnam will delight your taste buds."`;

exports[`english pages exports meta for public/en/asia/vietnam/northern-vietnam/index.html correctly: title 1`] = `"Northern Vietnam | Travel Guide"`;

exports[`english pages exports meta for public/en/asia/vietnam/prepare/index.html correctly: meta-description 1`] = `"So many questions to ask yourself when planning a trip and especially how to organize? In this article, you will find information and advice that will help you to prepare for your trip to Vietnam. Why go to Vietnam? When to go? How many days or weeks? How much to budget? What are the procedures to follow? We also share with you about accommodations, what you need to bring, the dangers you may face, and our opinion about Vietnam."`;

exports[`english pages exports meta for public/en/asia/vietnam/prepare/index.html correctly: social-network 1`] = `"So many questions to ask yourself when planning a trip and especially how to organize? In this article, you will find information and advice that will help you prepare for your trip to Vietnam."`;

exports[`english pages exports meta for public/en/asia/vietnam/prepare/index.html correctly: title 1`] = `"Prepare your travel to Vietnam | Travel Guide"`;

exports[`english pages exports meta for public/en/asia/vietnam/southern-vietnam/can-tho/index.html correctly: meta-description 1`] = `"Can Tho is the largest city in the Mekong River Delta, located on the banks of the Hau River, it is renowned for its very large floating market. Come with us for an excursion to this popular market. Our travelogue with photos, tips, and advice."`;

exports[`english pages exports meta for public/en/asia/vietnam/southern-vietnam/can-tho/index.html correctly: social-network 1`] = `"Can Tho is the largest city in the Mekong River Delta, located on the banks of the Hau River, it is renowned for its very large floating market. Come with us for an excursion to this popular market. Our travelogue with photos, tips, and advice."`;

exports[`english pages exports meta for public/en/asia/vietnam/southern-vietnam/can-tho/index.html correctly: title 1`] = `"Cân Thơ floating market | Travel Guide"`;

exports[`english pages exports meta for public/en/asia/vietnam/southern-vietnam/cu-chi-tunnels/index.html correctly: meta-description 1`] = `"Huge network of underground tunnels reaching about 250 km, from Ho Chi Minh City to the border of Cambodia. Join us to visit these tunnels and learn more about the Vietnam War. Our travelogue with photos, tips, and advice."`;

exports[`english pages exports meta for public/en/asia/vietnam/southern-vietnam/cu-chi-tunnels/index.html correctly: social-network 1`] = `"Huge network of underground tunnels reaching about 250 km, from Ho Chi Minh City to the border of Cambodia. Join us to visit these tunnels and learn more about the Vietnam War. Our travelogue with photos, tips, and advice."`;

exports[`english pages exports meta for public/en/asia/vietnam/southern-vietnam/cu-chi-tunnels/index.html correctly: title 1`] = `"History of Vietnam: Củ Chi tunnels visit | Travel Guide"`;

exports[`english pages exports meta for public/en/asia/vietnam/southern-vietnam/discover/index.html correctly: meta-description 1`] = `"Southern Vietnam is full of surprises and discoveries, each one more exciting. From dynamic cities like Hô Chi Minh City, to boat trips on the Mekong River Delta under palm trees, there is something for everyone. Join us for a week in Southern Vietnam. Our travelogue with photos, tips, and advice."`;

exports[`english pages exports meta for public/en/asia/vietnam/southern-vietnam/discover/index.html correctly: social-network 1`] = `"Southern Vietnam is full of surprises and discoveries, each one more exciting. From dynamic cities like Hô Chi Minh City, to boat trips on the Mekong River Delta under palm trees, there is something for everyone."`;

exports[`english pages exports meta for public/en/asia/vietnam/southern-vietnam/discover/index.html correctly: title 1`] = `"Discover Southern Vietnam | Travel Guide"`;

exports[`english pages exports meta for public/en/asia/vietnam/southern-vietnam/index.html correctly: meta-description 1`] = `"Discover big cities like Ho Chi Minh City, its museum and tunnels, take off to magnificent landscapes around the Mekong River Delta on islands like Ben Tre or visit the Cân Thơ floating market with us. Through our articles, discover different places to visit. Our travelogue with photos, tips, and advice."`;

exports[`english pages exports meta for public/en/asia/vietnam/southern-vietnam/index.html correctly: social-network 1`] = `"Discover big cities like Ho Chi Minh City, its museum and tunnels, take off to magnificent landscapes around the Mekong River Delta on islands like Ben Tre or visit the Cân Thơ floating market with us."`;

exports[`english pages exports meta for public/en/asia/vietnam/southern-vietnam/index.html correctly: title 1`] = `"Southern Vietnam | Travel Guide"`;

exports[`english pages exports meta for public/en/asia/vietnam/southern-vietnam/my-tho/index.html correctly: meta-description 1`] = `"Away from the hustle and bustle of Ho Chi Minh City, discover the town of Mỹ Tho and take a boat trip to Ben Tre to discover the huge tropical gardens that surround you. Come with us for a boat ride under coconut and water palm trees on the Mekong River Delta. Our travelogue with photos, tips, and advice."`;

exports[`english pages exports meta for public/en/asia/vietnam/southern-vietnam/my-tho/index.html correctly: social-network 1`] = `"Away from the hustle and bustle of Ho Chi Minh City, discover the town of Mỹ Tho and take a boat trip to Ben Tre to discover the huge tropical gardens that surround you. Come with us for a boat ride under coconut and water palm trees on the Mekong River Delta. Our travelogue with photos, tips, and advice."`;

exports[`english pages exports meta for public/en/asia/vietnam/southern-vietnam/my-tho/index.html correctly: title 1`] = `"Cruise on the Mekong between Mỹ Tho and Ben Tre | Travel Guide"`;

exports[`english pages exports meta for public/en/asia/vietnam/southern-vietnam/war-remnants-museum/index.html correctly: meta-description 1`] = `"The War Remnants Museum bears witness to the atrocities of the Indochina War and the Vietnam War and reveals us the ongoing impact on Vietnamese lives. Come with us to discover this museum and learn more about the Vietnam War. Our travelogue with photos, tips, and advice."`;

exports[`english pages exports meta for public/en/asia/vietnam/southern-vietnam/war-remnants-museum/index.html correctly: social-network 1`] = `"The War Remnants Museum bears witness to the atrocities of the Indochina War and the Vietnam War and reveals us the ongoing impact on Vietnamese lives."`;

exports[`english pages exports meta for public/en/asia/vietnam/southern-vietnam/war-remnants-museum/index.html correctly: title 1`] = `"History of Vietnam: War Remnants Museum | Travel Guide"`;

exports[`english pages exports meta for public/en/asia/vietnam/transport/index.html correctly: meta-description 1`] = `"You have planned your visits to Vietnam, all you have to do is find how to get around? In this article, you will find our information and advice that will help you to choose the best mode of transport, depending on your needs. Price? How to book? We tell you every information you need and share our opinion."`;

exports[`english pages exports meta for public/en/asia/vietnam/transport/index.html correctly: social-network 1`] = `"You have planned your visits to Vietnam, all you have to do is find how to get around? Public transport, rental of bicycles, scooters and motorcycles or even guided tours."`;

exports[`english pages exports meta for public/en/asia/vietnam/transport/index.html correctly: title 1`] = `"All you need to know about transportation in Vietnam | Travel Guide"`;

exports[`english pages exports meta for public/en/credits/index.html correctly: meta-description 1`] = `"Embark with us in this crazy adventure, a blog that reveals all our travels, and much more!"`;

exports[`english pages exports meta for public/en/credits/index.html correctly: social-network 1`] = `"Embark with us in this crazy adventure, a blog that reveals all our travels, and much more!"`;

exports[`english pages exports meta for public/en/credits/index.html correctly: title 1`] = `"main | Travel Blog"`;

exports[`english pages exports meta for public/en/discovery/animals/index.html correctly: meta-description 1`] = `"Each country is unique and full of discoveries and attractions. We will list, based on our experience and our visits, the countries where you can observe animals."`;

exports[`english pages exports meta for public/en/discovery/animals/index.html correctly: social-network 1`] = `"In their habitat or protected reserves, observe the animals, get to know them, how to protect them, and preserve their natural environment."`;

exports[`english pages exports meta for public/en/discovery/animals/index.html correctly: title 1`] = `"Observe animals | Travel Guide"`;

exports[`english pages exports meta for public/en/discovery/beach-holidays/index.html correctly: meta-description 1`] = `"A well-deserved rest. Stretch out on a deckchair and enjoy a moment all by yourself by the beach. Relax and unwind while sipping a good cocktail. Discover the countries where you can take a break from the hustle and bustle of city life through our articles."`;

exports[`english pages exports meta for public/en/discovery/beach-holidays/index.html correctly: social-network 1`] = `"A well-deserved rest. Stretch out on a deckchair and enjoy a moment all by yourself by the beach. Relax and unwind while sipping a good cocktail. Discover the countries where you can take a break from the hustle and bustle of city life through our articles."`;

exports[`english pages exports meta for public/en/discovery/beach-holidays/index.html correctly: title 1`] = `"Beach Holidays | Travel Guide"`;

exports[`english pages exports meta for public/en/discovery/cities/index.html correctly: meta-description 1`] = `"Stroll through the streets and unique district, visit the lively places and soak up the culture of the locals. Discover the countries where you can discover cities through our articles."`;

exports[`english pages exports meta for public/en/discovery/cities/index.html correctly: social-network 1`] = `"Stroll through the streets and unique district, visit the lively places and soak up the culture of the locals. Discover the countries where you can discover cities through our articles."`;

exports[`english pages exports meta for public/en/discovery/cities/index.html correctly: title 1`] = `"Explorer Cities | Travel Guide"`;

exports[`english pages exports meta for public/en/discovery/monuments/index.html correctly: meta-description 1`] = `"Visit Pyramids, Temples, Pagodas ... Let's discover the heritage of different civilizations. Discover the countries where you can visit monuments through our articles."`;

exports[`english pages exports meta for public/en/discovery/monuments/index.html correctly: social-network 1`] = `"Visit Pyramids, Temples, Pagodas ... Let's discover the heritage of different civilizations. Discover the countries where you can visit monuments through our articles."`;

exports[`english pages exports meta for public/en/discovery/monuments/index.html correctly: title 1`] = `"Visit of Monuments | Travel Guide"`;

exports[`english pages exports meta for public/en/discovery/nature/index.html correctly: meta-description 1`] = `"Treks, hikes, or strolls, in the mountains, in the forest, or parks, admire the landscapes that Nature gives us. Discover the countries where you can observe Nature through our articles."`;

exports[`english pages exports meta for public/en/discovery/nature/index.html correctly: social-network 1`] = `"Treks, hikes, or strolls, in the mountains, in the forest, or parks, admire the landscapes that Nature gives us. Discover the countries where you can observe Nature through our articles."`;

exports[`english pages exports meta for public/en/discovery/nature/index.html correctly: title 1`] = `"Observe Nature | Travel Guide"`;

exports[`english pages exports meta for public/en/discovery/water-activities/index.html correctly: meta-description 1`] = `"Diving and snorkeling to admire the wonders of the seabed or surf and jet-ski for thrill experiences. Discover the countries where you can do all kinds of water activities through our articles."`;

exports[`english pages exports meta for public/en/discovery/water-activities/index.html correctly: social-network 1`] = `"Diving and snorkeling to admire the wonders of the seabed or surf and jet-ski for thrill experiences. Discover the countries where you can do all kinds of water activities through our articles."`;

exports[`english pages exports meta for public/en/discovery/water-activities/index.html correctly: title 1`] = `"Water activities | Travel Guide"`;

exports[`english pages exports meta for public/en/discovery/winter-activities/index.html correctly: meta-description 1`] = `"Go on an adventure with your snowshoes or skis, take your sled and slide down the mountains. Enjoy the snow and admire the snowy landscapes. Discover the countries where you can do all kinds of winter activities, through our articles."`;

exports[`english pages exports meta for public/en/discovery/winter-activities/index.html correctly: social-network 1`] = `"Go on an adventure with your snowshoes or skis, take your sled and slide down the mountains. Enjoy the snow and admire the snowy landscapes. Discover the countries where you can do all kinds of winter activities, through our articles."`;

exports[`english pages exports meta for public/en/discovery/winter-activities/index.html correctly: title 1`] = `"Winter activities | Travel Guide"`;

exports[`english pages exports meta for public/en/index.html correctly: meta-description 1`] = `"Passionate about travel, we share our adventures around the world on our blog. Tips, advice, journeys, journal, anecdotes, favorites... we hope you will find what you are looking for! A travel and lifestyle blog made by a traveling couple with their heads full of dreams!"`;

exports[`english pages exports meta for public/en/index.html correctly: social-network 1`] = `"Passionate about travel, we share our adventures around the world on our blog. Tips, advice, journeys, journal, anecdotes, favorites... we hope you will find what you are looking for! A travel and lifestyle blog made by a traveling couple with their heads full of dreams!"`;

exports[`english pages exports meta for public/en/index.html correctly: title 1`] = `"Magic of travels | Travel Blog"`;

exports[`english pages exports meta for public/en/journal/living-abroad/index.html correctly: meta-description 1`] = `"So many questions without an answer before taking the plunge. Why moving abroad? Which country to choose? What are the processes to follow? What are the pros and cons? How long to stay abroad? What job will I be able to find? With our own experience, we try to answer your questions as well as possible through our articles."`;

exports[`english pages exports meta for public/en/journal/living-abroad/index.html correctly: social-network 1`] = `"So many questions without an answer before taking the plunge. Why moving abroad? Which country to choose? What are the processes to follow? What are the pros and cons? How long to stay abroad? What job will I be able to find? With our own experience, we try to answer your questions as well as possible through our articles."`;

exports[`english pages exports meta for public/en/journal/living-abroad/index.html correctly: title 1`] = `"Living Abroad | Practical Guide"`;

exports[`english pages exports meta for public/en/journal/living-abroad/living-abroad-where/index.html correctly: meta-description 1`] = `"You are ready to expatriate and try the adventure. However, there is a question without an answer: Which country to move to? It is not necessarily easy to choose your new country. We give you keys to successfully answer this essential question, based on our own experience."`;

exports[`english pages exports meta for public/en/journal/living-abroad/living-abroad-where/index.html correctly: social-network 1`] = `"You are ready to expatriate and try the adventure. However, there is a question without an answer: Which country to move to? It is not necessarily easy to choose your new country."`;

exports[`english pages exports meta for public/en/journal/living-abroad/living-abroad-where/index.html correctly: title 1`] = `"Living abroad: Where? | Practical Guide"`;

exports[`english pages exports meta for public/en/journal/living-abroad/moving-abroad-why/index.html correctly: meta-description 1`] = `"Every year, thousands of people decide to move to another country… But what is the trigger? What made us decide to leave everything behind to live abroad? And what is the difference with a simple trip? We give you different reasons why you might decide to move abroad, whether for professional or personal reasons, based on our own experience."`;

exports[`english pages exports meta for public/en/journal/living-abroad/moving-abroad-why/index.html correctly: social-network 1`] = `"Every year, thousands of people decide to move to another country… But what is the trigger? What made us decide to leave everything behind to live abroad? And what is the difference with a simple trip?"`;

exports[`english pages exports meta for public/en/journal/living-abroad/moving-abroad-why/index.html correctly: title 1`] = `"Moving abroad: Why? | Practical Guide"`;

exports[`english pages exports meta for public/en/oceania/australia/index.html correctly: meta-description 1`] = `"There is so much to discover in Australia that it would take years to visit everything thoroughly. If you love animals, nature, beautiful outdoors, and road trips as much as we do, Australia is a country made for you. Follow our state-by-state guide to discover our selection of must-see places. Our travelogue with photos, tips, and advice."`;

exports[`english pages exports meta for public/en/oceania/australia/index.html correctly: social-network 1`] = `"There is so much to discover in Australia that it would take years to visit everything thoroughly. If you love animals, nature, beautiful outdoors, and road trips as much as we do, Australia is a country made for you."`;

exports[`english pages exports meta for public/en/oceania/australia/index.html correctly: title 1`] = `"Australia | Travel Guide"`;

exports[`english pages exports meta for public/en/oceania/australia/northern-territory/index.html correctly: meta-description 1`] = `"Discover the Northern Territory, a state located in the North of Australia. Darwin, lakes with crocodiles, Kakadu National Park, Katherine, Daly Waters' pubs. Through our articles, discover different places to visit. Our travelogue with photos, tips, and advice."`;

exports[`english pages exports meta for public/en/oceania/australia/northern-territory/index.html correctly: social-network 1`] = `"With many lakes and parks, the largest and most famous being Kakadu National Park, as well as a tropical climate, this state is a perfect spot for crocodile sightseeing. You will also have the opportunity to visit many pubs."`;

exports[`english pages exports meta for public/en/oceania/australia/northern-territory/index.html correctly: title 1`] = `"Northern Territory | Travel Guide"`;

exports[`english pages exports meta for public/en/oceania/australia/outback/index.html correctly: meta-description 1`] = `"Discover Outback, a vast arid desert in central Australia. Alice Spring, Ayers Rock, Mount Olgas, and Kings Canyon, but also a lot of wild animals such as dingoes, kangaroos, camels, and reptiles. Through our articles discover the different places to visit. Our travelogue with photos, tips, and advice."`;

exports[`english pages exports meta for public/en/oceania/australia/outback/index.html correctly: social-network 1`] = `"Outback is a vast arid desert home to the massive sandstone of Ayers Rock, composed of Mount Olgas and Kings Canyon and sacred for aborigines. In Alice Spring or on red sand roads, you may be able to see a lot of wild animals such as dingoes, kangaroos, camels, and of course many reptiles"`;

exports[`english pages exports meta for public/en/oceania/australia/outback/index.html correctly: title 1`] = `"Outback | Travel Guide"`;

exports[`english pages exports meta for public/en/oceania/australia/queensland/from-townsville-to-cairns/index.html correctly: meta-description 1`] = `"Queensland, a state situated in northeastern Australia, has wonderful places to discover. It's a paradise for surfers and famous for its coral reefs, sublime islands, and beaches. It's the perfect place to take some vacation and relax. The tropical forest and the aboriginal people make this destination unique. Finally, it's the perfect place to see koalas in their natural habitat. Come with us for a short trip from Townsville to Cairns. Our travelogue with photos, tips, and advice."`;

exports[`english pages exports meta for public/en/oceania/australia/queensland/from-townsville-to-cairns/index.html correctly: social-network 1`] = `"Queensland, a state situated in northeastern Australia, has wonderful places to discover. It's a paradise for surfers and famous for its coral reefs, sublime islands, and beaches. It's the perfect place to take some vacation and relax. The tropical forest and the aboriginal people make this destination unique. Finally, it's the perfect place to see koalas in their natural habitat."`;

exports[`english pages exports meta for public/en/oceania/australia/queensland/from-townsville-to-cairns/index.html correctly: title 1`] = `"Queensland: From Townsville to Cairns | Travel Guide"`;

exports[`english pages exports meta for public/en/oceania/australia/queensland/green-island/index.html correctly: meta-description 1`] = `"Green Island is a totally isolated island. With its tropical forest and its magnificent beaches, it is the perfect place to discover the famous Great Barrier Reef in Australia. Join us for an excursion on this small tropical island. Our travelogue with photos, tips, and advice."`;

exports[`english pages exports meta for public/en/oceania/australia/queensland/green-island/index.html correctly: social-network 1`] = `"Green Island is a totally isolated island. With its tropical forest and its magnificent beaches, it is the perfect place to discover the famous Great Barrier Reef in Australia."`;

exports[`english pages exports meta for public/en/oceania/australia/queensland/green-island/index.html correctly: title 1`] = `"Green Island: Dive into the Great Barrier Reef | Travel Guide"`;

exports[`english pages exports meta for public/en/oceania/australia/queensland/index.html correctly: meta-description 1`] = `"A paradise for surfers, famous for the Great Barrier Reef, with a coastline full of sublime beaches, there are also endless plains or tropical rain forests. It is the perfect place to see koalas in their natural habitat. Through our articles, discover different places to visit. Our travelogue with photos, tips, and advice."`;

exports[`english pages exports meta for public/en/oceania/australia/queensland/index.html correctly: social-network 1`] = `"A paradise for surfers, famous for the Great Barrier Reef, with a coastline full of sublime beaches, there are also endless plains or tropical rain forests. It is the perfect place to see koalas in their natural habitat."`;

exports[`english pages exports meta for public/en/oceania/australia/queensland/index.html correctly: title 1`] = `"Queensland | Travel Guide"`;

exports[`english pages exports meta for public/en/oceania/australia/queensland/kuranda-village/index.html correctly: meta-description 1`] = `"Located in the middle of a tropical forest, Kuranda Village is a huge park with many activities. A popular destination where you can meet the Djabugay aboriginal people and explore Australia’s emblematic wildlife. You can also experience unusual transportations, whether by cable car or aboard a historic train. You will be amazed. Join us to discover this touristy village. Our travelogue with photos, tips, and advice."`;

exports[`english pages exports meta for public/en/oceania/australia/queensland/kuranda-village/index.html correctly: social-network 1`] = `"Located in the middle of a tropical forest, Kuranda Village is a huge park with many activities. A popular destination where you can meet the Djabugay aboriginal people and explore Australia’s emblematic wildlife. You can also experience unusual transportations, whether by cable car or aboard a historic train. You will be amazed."`;

exports[`english pages exports meta for public/en/oceania/australia/queensland/kuranda-village/index.html correctly: title 1`] = `"Kuranda: Village in the rainforest near Cairns | Travel Guide"`;

exports[`english pages exports meta for public/en/oceania/australia/queensland/magnetic-island/index.html correctly: meta-description 1`] = `"Located a few miles from Townsville, Queensland, Magnetic Island is a must-see place if you're coming to Eastern Australia. This little paradise is famous for its beaches and its many aquatic activities. Also known as  « Koala Island », there are more or less hard treks in the middle of a large eucalyptus forest to observe these small wild animals endemic to Australia. Come with us for this lovely discovery. Our travelogue with photos, tips, and advice."`;

exports[`english pages exports meta for public/en/oceania/australia/queensland/magnetic-island/index.html correctly: social-network 1`] = `"Located a few miles from Townsville, Queensland, Magnetic Island is a must-see place if you're coming to Eastern Australia. This little paradise is famous for its beaches and its many aquatic activities. Also known as  « Koala Island », there are more or less hard treks in the middle of a large eucalyptus forest to observe these small wild animals endemic to Australia."`;

exports[`english pages exports meta for public/en/oceania/australia/queensland/magnetic-island/index.html correctly: title 1`] = `"Magnetic Island: Discover the largest wild koala colony | Travel Guide"`;

exports[`english pages exports meta for public/en/oceania/index.html correctly: meta-description 1`] = `"There are so many things to discover in Oceania. Nature lovers, animal lovers, road trip enthusiasts... Find in our blog the most beautiful pearls of this continent for your dream vacation. Our travelogue with photos, tips, and advice."`;

exports[`english pages exports meta for public/en/oceania/index.html correctly: social-network 1`] = `"There are so many things to discover in Oceania. Nature lovers, animal lovers, road trip enthusiasts... Find in our blog the most beautiful pearls of this continent for your dream vacation. Our travelogue with photos, tips, and advice."`;

exports[`english pages exports meta for public/en/oceania/index.html correctly: title 1`] = `"Oceania | Travel Guide"`;

exports[`english pages exports meta for public/en/organisation/when-to-go/autumn/index.html correctly: meta-description 1`] = `"Take advantage of the start of the school year to discover countries near you without tourists ... Or go far from home for a total change of scenery, in Asia for example. You can also enjoy the season by admiring autumn leaf color changing the landscapes. We guide you with the travels we made in different countries."`;

exports[`english pages exports meta for public/en/organisation/when-to-go/autumn/index.html correctly: social-network 1`] = `"Take advantage of the start of the school year to discover countries near you without tourists ... Or go far from home for a total change of scenery, in Asia for example. You can also enjoy the season by admiring autumn leaf color changing the landscapes. We guide you with the travels we made in different countries."`;

exports[`english pages exports meta for public/en/organisation/when-to-go/autumn/index.html correctly: title 1`] = `"Travel in autumn | Travel Guide"`;

exports[`english pages exports meta for public/en/organisation/when-to-go/spring/index.html correctly: meta-description 1`] = `"Winter is over! It's time to organize your spring holidays. But where to travel during March, April and May? We guide you with the travels we made in different countries."`;

exports[`english pages exports meta for public/en/organisation/when-to-go/spring/index.html correctly: social-network 1`] = `"Winter is over! It's time to organize your spring holidays. But where to travel during March, April and May? We guide you with the travels we made in different countries."`;

exports[`english pages exports meta for public/en/organisation/when-to-go/spring/index.html correctly: title 1`] = `"Travel in spring | Travel Guide"`;

exports[`english pages exports meta for public/en/organisation/when-to-go/summer/index.html correctly: meta-description 1`] = `"The long-awaited summer vacation has finally arrived! But where to go during June, July and August? A relaxing trip to enjoy the sun or an adventure, the choice is yours. We guide you with the travels we made in different countries."`;

exports[`english pages exports meta for public/en/organisation/when-to-go/summer/index.html correctly: social-network 1`] = `"Summer is not the best moment to go to Asia. However, you could take the opportunity to travel across Europe and discover little paradise or plan a road trip in America with its variety of destinations. A relaxing trip to enjoy the sun or an adventure, the choice is yours."`;

exports[`english pages exports meta for public/en/organisation/when-to-go/summer/index.html correctly: title 1`] = `"Travel in summer | Travel Guide"`;

exports[`english pages exports meta for public/en/organisation/when-to-go/winter/index.html correctly: meta-description 1`] = `"Do you prefer snowy and magical Christmas? Or lack of sunlight make you feel low? So many places to spend your dream holidays during December, January or February. We guide you with the travels we made in different countries."`;

exports[`english pages exports meta for public/en/organisation/when-to-go/winter/index.html correctly: social-network 1`] = `"Do you prefer snowy and magical Christmas? Or lack of sunlight make you feel low? So many places to spend your dream holidays during December, January or February. We guide you with the travels we made in different countries."`;

exports[`english pages exports meta for public/en/organisation/when-to-go/winter/index.html correctly: title 1`] = `"Travel in winter | Travel Guide"`;
