// Jest Snapshot v1, https://goo.gl/fbAQLP

exports[`french pages exports meta for public/404.html correctly: meta-description 1`] = `"Embarquez avec nous dans cette folle aventure, un blog qui retrace tous nos voyages, et bien plus!"`;

exports[`french pages exports meta for public/404.html correctly: social-network 1`] = `"Embarquez avec nous dans cette folle aventure, un blog qui retrace tous nos voyages, et bien plus!"`;

exports[`french pages exports meta for public/404.html correctly: title 1`] = `"404: Not found | Blog Voyage"`;

exports[`french pages exports meta for public/404/index.html correctly: meta-description 1`] = `"Embarquez avec nous dans cette folle aventure, un blog qui retrace tous nos voyages, et bien plus!"`;

exports[`french pages exports meta for public/404/index.html correctly: social-network 1`] = `"Embarquez avec nous dans cette folle aventure, un blog qui retrace tous nos voyages, et bien plus!"`;

exports[`french pages exports meta for public/404/index.html correctly: title 1`] = `"404: Not found | Blog Voyage"`;

exports[`french pages exports meta for public/about/contact/index.html correctly: meta-description 1`] = `"Vous avez des questions ? Des conseils à nous donner ? Ou tout simplement un petit mot à nous laisser ? N’hésitez pas à nous écrire, on y répondra avec plaisir. ❤️"`;

exports[`french pages exports meta for public/about/contact/index.html correctly: social-network 1`] = `"Vous avez des questions ? Des conseils à nous donner ? Ou tout simplement un petit mot à nous laisser ? N’hésitez pas à nous écrire, on y répondra avec plaisir. ❤️"`;

exports[`french pages exports meta for public/about/contact/index.html correctly: title 1`] = `"Contact | Blog Voyage"`;

exports[`french pages exports meta for public/about/who/index.html correctly: meta-description 1`] = `"Une sorte de journal intime que nous partageons avec vous, quelques astuces par ci par là mais surtout un carnet de souvenirs inoubliable que nous lirons nous-même dans le futur."`;

exports[`french pages exports meta for public/about/who/index.html correctly: social-network 1`] = `"Après 6 ans d’amour, une routine boulot dodo et un manque de dépaysement nous avons décidé en 2016 de changer de vie pour venir nous installer à Singapour avec nos 2 chats sans jamais y avoir mis les pieds."`;

exports[`french pages exports meta for public/about/who/index.html correctly: title 1`] = `"Qui sommes nous ? | Blog Voyage"`;

exports[`french pages exports meta for public/articles/index.html correctly: meta-description 1`] = `"Embarquez avec nous dans cette folle aventure, un blog qui retrace tous nos voyages, et bien plus!"`;

exports[`french pages exports meta for public/articles/index.html correctly: social-network 1`] = `"Embarquez avec nous dans cette folle aventure, un blog qui retrace tous nos voyages, et bien plus!"`;

exports[`french pages exports meta for public/articles/index.html correctly: title 1`] = `"Tous nos articles | Blog Voyage"`;

exports[`french pages exports meta for public/asia/cambodia/index.html correctly: meta-description 1`] = `"On vous laisse découvrir à travers nos articles et nos photos le Cambodge, les temples en ruines d’Angkor, ses villages flottants et bien d’autres lieux incontournables. Suivez-nous pour découvrir notre sélection. Pour chaque lieu visité nous essayons de vous retranscrire au mieux notre visite en vous indiquant : Où partir ? Comment y aller ? Pourquoi ? Quand ? Combien de temps et à quelle période ?"`;

exports[`french pages exports meta for public/asia/cambodia/index.html correctly: social-network 1`] = `"Connu pour Siem Reap et ses multiples ruines d’Angkor Vat qui font à eux seuls une raison de venir au Cambodge, vous pouvez aussi naviguer sur le lac Tonlé Sap et observer la vie des villages flottants. A Phnom Penh, visiter son palais royal et l’ancienne prison de la période des Khmers rouges, histoire bouleversante qui vous fera découvrir le Cambodge autrement. Suivez notre guide de ville en ville pour découvrir notre sélection des lieux incontournables."`;

exports[`french pages exports meta for public/asia/cambodia/index.html correctly: title 1`] = `"Cambodge | Guide de Voyage"`;

exports[`french pages exports meta for public/asia/cambodia/phnom-penh/index.html correctly: meta-description 1`] = `"Découvrez Phnom Penh, son palais royal, son musée d’art, une ville moderne qui regorge de monuments culturels mais également le musée du génocide qui vous apprendra l’histoire du Cambodge. Pour chaque lieu nous essayons de vous retranscrire au mieux notre visite en vous indiquant : Où partir ? Comment y aller ? Pourquoi ? Quand ? Combien de temps et à quelle période ?"`;

exports[`french pages exports meta for public/asia/cambodia/phnom-penh/index.html correctly: social-network 1`] = `"Phnom Penh est une ville moderne qui regorge de multiples monuments culturelles. Son somptueux palais royal, son sublime musée national et tant d’autres. Découvrez également l'histoire bouleversante du Cambodge avec son ancienne prison de la période des Khmers rouges, qui vous fera découvrir le pays autrement."`;

exports[`french pages exports meta for public/asia/cambodia/phnom-penh/index.html correctly: title 1`] = `"Phnom Penh | Guide de Voyage"`;

exports[`french pages exports meta for public/asia/cambodia/siem-reap/index.html correctly: meta-description 1`] = `"Découvrez la ville de Siem Reap mais surtout ses multiples ruines d’Angkor Vat et découvrez la vie des villages flottants sur le lac Tonlé Sap. Pour chaque lieu nous essayons de vous retranscrire au mieux notre visite en vous indiquant : Où partir ? Comment y aller ? Pourquoi ? Quand ? Combien de temps et à quelle période ?"`;

exports[`french pages exports meta for public/asia/cambodia/siem-reap/index.html correctly: social-network 1`] = `"La ville de Siem Reap est surtout connue pour ses multiples ruines d’Angkor Vat qui font à eux seuls une raison de venir au Cambodge, mais vous pouvez aussi naviguer sur le lac Tonlé Sap et observer la vie des villages flottants ou encore vous promener dans les marchés la nuit. Découvrez ces incontournables avec nous."`;

exports[`french pages exports meta for public/asia/cambodia/siem-reap/index.html correctly: title 1`] = `"Siem Reap | Guide de Voyage"`;

exports[`french pages exports meta for public/asia/index.html correctly: meta-description 1`] = `"L’Asie nous offre tant de pays qui incitent à l’évasion. Retrouvez dans notre blog les plus belles perles de ce continent pour vos vacances de rêve. Où partir ? Comment y aller ? Pourquoi ? Quand ? Combien de temps et à quelle période ?"`;

exports[`french pages exports meta for public/asia/index.html correctly: social-network 1`] = `"Farniente sur des plages paradisiaques, visite de temples traditionnels, trek dans la jungle ou simple promenade à la découverte de paysages à couper le souffle, des grandes villes aux petits villages, en apprenant les traditions de certaines tribus ou en observant avec discrétion les animaux sauvages ... Tant de pays qui incitent à l’évasion et font rêver."`;

exports[`french pages exports meta for public/asia/index.html correctly: title 1`] = `"Asie | Guide de Voyage"`;

exports[`french pages exports meta for public/asia/indonesia/bali/index.html correctly: meta-description 1`] = `"Découvrez Bali, l’île de toutes les folies, des plages aux forêts tropicales, rizières et volcans de jour, et les bars ouverts jusqu’au bout de la nuit. Pour chaque lieu nous essayons de vous retranscrire au mieux notre visite en vous indiquant : Où partir ? Comment y aller ? Pourquoi ? Quand ? Combien de temps et à quelle période ?"`;

exports[`french pages exports meta for public/asia/indonesia/bali/index.html correctly: social-network 1`] = `"Le jour, profitez des immenses plages pour vous reposer ou admirer les paysages qui s’offrent à vous, rizières en terrasse et volcans impressionnants. Le soir, Bali est l’île de la fête, avec ses bars ouverts jusqu’au bout de la nuit. Découvrez cette île de toutes les folies."`;

exports[`french pages exports meta for public/asia/indonesia/bali/index.html correctly: title 1`] = `"Bali | Guide de Voyage"`;

exports[`french pages exports meta for public/asia/indonesia/index.html correctly: meta-description 1`] = `"On vous laisse découvrir à travers nos articles et nos photos l’Indonésie et ses innombrables îles plus belles et plus attrayantes les unes que les autres. Suivez-nous pour découvrir notre sélection des lieux incontournables. Pour chaque lieu visité nous essayons de vous retranscrire au mieux notre visite en vous indiquant : Où partir ? Comment y aller ? Pourquoi ? Quand ? Combien de temps et à quelle période ?"`;

exports[`french pages exports meta for public/asia/indonesia/index.html correctly: social-network 1`] = `"Trek sur les volcans de Java, rizières et multiples temples sur Bali, randonnée dans les forêts tropicales de Sumatra, détente sur les plages de Lombok ou encore rencontre avec les dragons de l'île de Komodo. Suivez notre guide d’île en île pour découvrir notre sélection des lieux incontournables."`;

exports[`french pages exports meta for public/asia/indonesia/index.html correctly: title 1`] = `"Indonésie | Guide de Voyage"`;

exports[`french pages exports meta for public/asia/indonesia/komodo-island/index.html correctly: meta-description 1`] = `"Découvrez l’île de Komodo, parc national des dragons de Komodo, plages de sables roses de Rinca et repos sur l’île de Florès à Labuan Bajo. Pour chaque lieu nous essayons de vous retranscrire au mieux notre visite en vous indiquant : Où partir ? Comment y aller ? Pourquoi ? Quand ? Combien de temps et à quelle période ?"`;

exports[`french pages exports meta for public/asia/indonesia/komodo-island/index.html correctly: social-network 1`] = `"Komodo est principalement connu pour son énorme lézard, le plus grand vivant au monde qui tire son nom de l’île, le dragon de Komodo. Outre son Parc national vous pourrez également profiter de l’île de Florès, à Labuan Bajo, pour vous loger ou de l'île de Rinca pour faire de la plongée ou vous reposer sur les plages de sables roses."`;

exports[`french pages exports meta for public/asia/indonesia/komodo-island/index.html correctly: title 1`] = `"Komodo | Guide de Voyage"`;

exports[`french pages exports meta for public/asia/japan/fuji/index.html correctly: meta-description 1`] = `"Visible depuis Tokyo, connue à travers le monde entier, le Mont Fuji est un des sommets les plus célèbres. Pour chaque lieu visité nous essayons de vous retranscrire au mieux notre visite en vous indiquant : Où partir ? Comment y aller ? Pourquoi ? Quand ? Combien de temps et à quelle période ?"`;

exports[`french pages exports meta for public/asia/japan/fuji/index.html correctly: social-network 1`] = `"Visible depuis Tokyo, connue à travers le monde entier, le Mont Fuji est un des sommets les plus célèbres. Montagne sacrée et véritable inspiration pour les artistes, sa renommée n’est pas volée. Trekking en été, ski en hiver ou balade tout au long de l'année aux alentours, dans la région des cinq lacs par exemple, vous aurez l’embarras du choix."`;

exports[`french pages exports meta for public/asia/japan/fuji/index.html correctly: title 1`] = `"Mont Fuji | Guide de Voyage"`;

exports[`french pages exports meta for public/asia/japan/fuji/kawaguchiko-lake/index.html correctly: meta-description 1`] = `"Découvrez le Mont Fuji à travers notre article et nos photos depuis les paysages magnifiques du lac Kawaguchi. Comment y aller ? Comment et quand le visiter ? Que faire autour ? Où loger ? On vous explique tout."`;

exports[`french pages exports meta for public/asia/japan/fuji/kawaguchiko-lake/index.html correctly: social-network 1`] = `"Le Mont Fuji est un véritable symbole au pays du Soleil-Levant. Situé au sud-ouest de Tokyo, il est également le point culminant du Japon. Entouré de cinq lacs, nous avons tenté l’expérience au lac Kawaguchi."`;

exports[`french pages exports meta for public/asia/japan/fuji/kawaguchiko-lake/index.html correctly: title 1`] = `"Lac Kawaguchi : La vue sur le Mont Fuji | Blog Voyage"`;

exports[`french pages exports meta for public/asia/japan/himeji/himeji-castle/index.html correctly: meta-description 1`] = `"Découvrez le magnifique château de Himeji, considéré comme l’un des plus beaux châteaux du Japon. En plus de notre récit de voyage et nos photos, on répond à toutes vos questions : Comment y aller ? Combien de temps et à quelle période ? On vous indique également son adresse, les horaires et le prix."`;

exports[`french pages exports meta for public/asia/japan/himeji/himeji-castle/index.html correctly: social-network 1`] = `"Magnifique château, surnommé le château du Héron Blanc, il est considéré comme l’un des plus beaux châteaux du Japon et est également reconnu pour être un véritable spot pour admirer les cerisiers, Sakura, en fleurs au printemps."`;

exports[`french pages exports meta for public/asia/japan/himeji/himeji-castle/index.html correctly: title 1`] = `"Le magnifique château blanc de Himeji | Guide de Voyage"`;

exports[`french pages exports meta for public/asia/japan/himeji/index.html correctly: meta-description 1`] = `"Dans chaque article, on répond à vos questions : Quand partir ? Combien de temps ? Quel budget prévoir ? Pour chaque lieu visité nous essayons de vous retranscrire au mieux notre visite et notre ressenti en vous indiquant également Comment y aller ? Pourquoi ? Quand ? Combien de temps et à quelle période ? Sans oublier les adresses et les prix."`;

exports[`french pages exports meta for public/asia/japan/himeji/index.html correctly: social-network 1`] = `"La ville de Himeji est située dans la préfecture de Hyogo dans la région du Kansai au Japon, elle est avant tout connue pour son magnifique château considéré comme l’un des plus beaux châteaux du Japon.  Mais Himeji ce n’est pas qu’un château, prenez votre temps pour passer une journée dans cette ville pour y découvrir également le Koko-en Garden, un immense parc aux multiples jardins et partez en excursion sur le Mont Shosha."`;

exports[`french pages exports meta for public/asia/japan/himeji/index.html correctly: title 1`] = `"Himeji | Guide de Voyage"`;

exports[`french pages exports meta for public/asia/japan/index.html correctly: meta-description 1`] = `"On vous laisse découvrir à travers nos articles et nos photos, la magie du Japon. Suivez notre guide de ville en ville pour découvrir notre sélection des lieux incontournables du pays du Soleil-Levant. Pour chaque lieu visité nous essayons de vous retranscrire au mieux notre visite en vous indiquant : Où partir ? Comment y aller ? Pourquoi ? Quand ? Combien de temps et à quelle période ?"`;

exports[`french pages exports meta for public/asia/japan/index.html correctly: social-network 1`] = `"Voyager au pays du Soleil-Levant c’est découvrir un mélange entre modernité et traditions. Admirez les changements de décor fascinant des paysages entre chaque saison. Découvrez des villes animées et ses quartiers mouvementés. Suivez notre guide de ville en ville pour découvrir notre sélection des lieux incontournables."`;

exports[`french pages exports meta for public/asia/japan/index.html correctly: title 1`] = `"Japon | Guide de Voyage"`;

exports[`french pages exports meta for public/asia/japan/kyoto/arashiyama/index.html correctly: meta-description 1`] = `"Le récit de notre visite à Arashiyama et plus particulièrement de cette magnifique forêt de bambous avec en prime d’autres idées de quoi faire dans ce quartier. Dans cet article on vous indique également Comment y aller ? Combien de temps et à quelle période ? On vous donne également son adresse, les horaires et le prix."`;

exports[`french pages exports meta for public/asia/japan/kyoto/arashiyama/index.html correctly: social-network 1`] = `"La forêt de bambous d’Arashiyama est certainement la bambouseraie la plus connue du Japon, elle se situe au nord-ouest de Kyoto, près de la rivière Katsura et du parc des singes d’Arashiyama."`;

exports[`french pages exports meta for public/asia/japan/kyoto/arashiyama/index.html correctly: title 1`] = `"Kyoto : La forêt de Bambous d'Arashiyama | Blog Voyage"`;

exports[`french pages exports meta for public/asia/japan/kyoto/daigoji/index.html correctly: meta-description 1`] = `"Découvrez le temple Daigo-ji à travers notre récit de voyage avec notre guide et nos photos. On répond à toutes vos questions : Comment y aller ? Combien de temps et à quelle période ? On vous indique également son adresse, les horaires et le prix."`;

exports[`french pages exports meta for public/asia/japan/kyoto/daigoji/index.html correctly: social-network 1`] = `"Daigo-ji est un ensemble de temples bouddhiste et de jardins construits en 874 au pied de la montagne Daigo-san à Kyoto. Surnommé « Temple des fleurs », il vous émerveillera à chaque saison."`;

exports[`french pages exports meta for public/asia/japan/kyoto/daigoji/index.html correctly: title 1`] = `"Daigo-ji : La carte postale des cerisiers en fleurs de Kyoto | Guide de Voyage"`;

exports[`french pages exports meta for public/asia/japan/kyoto/fushimi-inari-taisha/index.html correctly: meta-description 1`] = `"Embarquez avec nous pour une balade au milieu de ses multiples Torii et dans ce sanctuaire gigantesque, avec la description de notre journée là-bas. Dans cet article, on vous explique tout ce qu’il faut savoir : Comment s’y rendre ? A quelle saison ? Combien de temps prévoir ? Ainsi que son adresse, ses horaires et son prix."`;

exports[`french pages exports meta for public/asia/japan/kyoto/fushimi-inari-taisha/index.html correctly: social-network 1`] = `"Fushimi Inari-taisha est un sanctuaire situé dans le district de Fushimi-ku à Kyoto au Japon. Il est surtout connu pour ses quelques milliers de Torii Vermillon qui créent un chemin dans une forêt remplie de pins."`;

exports[`french pages exports meta for public/asia/japan/kyoto/fushimi-inari-taisha/index.html correctly: title 1`] = `"Fushimi Inari-Taisha : Le chemin des milles Torii à Kyoto | Guide de Voyage"`;

exports[`french pages exports meta for public/asia/japan/kyoto/index.html correctly: meta-description 1`] = `"Découvrez la ville de Kyoto et les multiples temples et joyaux qu'elle nous offre à travers nos récits de voyages. Pour chaque lieu visité nous essayons de vous retranscrire au mieux notre visite en vous indiquant : Où partir ? Comment y aller ? Pourquoi ? Quand ? Combien de temps et à quelle période ?"`;

exports[`french pages exports meta for public/asia/japan/kyoto/index.html correctly: social-network 1`] = `"Réputée pour ses multiples temples et monuments classés au Patrimoine Mondial de l'Unesco, Kyoto est la ville la plus visitée après Tokyo, une destination à ne pas manquer durant votre séjour au Japon. Découvrez les différents quartiers qui abritent de véritables joyaux de cette culture japonaise qui nous plaît tant."`;

exports[`french pages exports meta for public/asia/japan/kyoto/index.html correctly: title 1`] = `"Kyoto | Guide de Voyage"`;

exports[`french pages exports meta for public/asia/japan/kyoto/kinkakuji/index.html correctly: meta-description 1`] = `"Dans cet article, on tente de vous retranscrire au mieux notre visite de ce parc et de cette beauté sans pareille. On répond à toutes vos questions : Comment y aller ? Combien de temps et à quelle période ? On vous indique également son adresse, les horaires et le prix."`;

exports[`french pages exports meta for public/asia/japan/kyoto/kinkakuji/index.html correctly: social-network 1`] = `"Temple bouddhiste situé à Kyoto, il est l’un des temples les plus reconnus pour sa beauté. Surnommé le Pavillon d’or, il doit ce nom au fait que ses étages sont entièrement recouverts de feuilles d’or."`;

exports[`french pages exports meta for public/asia/japan/kyoto/kinkakuji/index.html correctly: title 1`] = `"Kinkaku-ji : Le temple doré de Kyoto | Blog Voyage"`;

exports[`french pages exports meta for public/asia/japan/nagoya/index.html correctly: meta-description 1`] = `"Quatrième ville la plus peuplée du Japon, Nagoya est bien trop peu connue des voyageurs, pourtant elle abrite de nombreux endroits charmants à visiter. Pour chaque lieu visité nous essayons de vous retranscrire au mieux notre visite en vous indiquant : Où partir ? Comment y aller ? Pourquoi ? Quand ? Combien de temps et à quelle période ?"`;

exports[`french pages exports meta for public/asia/japan/nagoya/index.html correctly: social-network 1`] = `"Malgré le fait que ce soit la quatrième ville la plus peuplée du Japon, Nagoya est bien trop peu connue des voyageurs, pourtant elle abrite de nombreux endroits charmants à visiter. De multiples temples et parcs, sans oublier son splendide château, qui n’a rien à envier aux autres châteaux du Japon. Et si vous voulez un quartier plus animé de jour comme de nuit, partez à la découverte du quartier Sakae."`;

exports[`french pages exports meta for public/asia/japan/nagoya/index.html correctly: title 1`] = `"Nagoya | Guide de Voyage"`;

exports[`french pages exports meta for public/asia/japan/nagoya/nagoya-castle/index.html correctly: meta-description 1`] = `"Découvrez le château de Nagoya à travers notre récit de voyage et nos photos. Dans cet article, on répond à toutes vos questions : Comment y aller ? Combien de temps et à quelle période ? On vous indique également son adresse, les horaires et le prix."`;

exports[`french pages exports meta for public/asia/japan/nagoya/nagoya-castle/index.html correctly: social-network 1`] = `"Véritable symbole de cette ville très peu touristique du Japon, le château de Nagoya est aussi une de ses fiertés. Situé en plein centre ville, il est entouré d’un vaste parc."`;

exports[`french pages exports meta for public/asia/japan/nagoya/nagoya-castle/index.html correctly: title 1`] = `"La seconde vie du château de Nagoya | Guide de Voyage"`;

exports[`french pages exports meta for public/asia/japan/nagoya/toganji/index.html correctly: meta-description 1`] = `"Découvrez le temple Togan-ji et son grand Bouddha à travers notre récit de voyage. Dans cet article, on répond à toutes vos questions : Comment y aller ? Combien de temps et à quelle période ? On vous indique également son adresse, les horaires et le prix. Le tout avec notre récit de voyage et nos photos."`;

exports[`french pages exports meta for public/asia/japan/nagoya/toganji/index.html correctly: social-network 1`] = `"Entrer dans l'enceinte du temple Togan-ji c’est comme entrer dans un nouveau monde caché derrière les feuillages. On ne soupçonne pas du tout la présence d'un tel lieu depuis les rues adjacentes."`;

exports[`french pages exports meta for public/asia/japan/nagoya/toganji/index.html correctly: title 1`] = `"Temple Togan-Ji | Blog Voyage"`;

exports[`french pages exports meta for public/asia/japan/spring-in-japan/index.html correctly: meta-description 1`] = `"Ici nous partons au Japon à la saison du printemps. On vous indique notre itinéraire de voyage. Combien de jours ? Quel budget prévoir ? On vous répond en se basant sur notre propre expérience."`;

exports[`french pages exports meta for public/asia/japan/spring-in-japan/index.html correctly: social-network 1`] = `"Le Japon, ce pays incontournable à visiter en Asie. Un nouveau décor à chaque saison. Un mélange entre zénitude dans les endroits reculés et animation et dynamisme dans les villes, autant dire qu’en fonction de ce que vous recherchez, que vous aimiez la ville ou la campagne, à n’importe quel endroit vous trouverez votre bonheur ..."`;

exports[`french pages exports meta for public/asia/japan/spring-in-japan/index.html correctly: title 1`] = `"Le Japon au printemps : Au milieu des Sakuras | Guide de Voyage"`;

exports[`french pages exports meta for public/asia/japan/tokyo/hamarikyu-garden/index.html correctly: meta-description 1`] = `"Dans cet article on répond à vos questions comment y aller ? Combien de temps ? A quelle saison ? On vous indique également son adresse et son prix. Le tout avec notre récit de voyage et nos photos de ce séduisant jardin japonais."`;

exports[`french pages exports meta for public/asia/japan/tokyo/hamarikyu-garden/index.html correctly: social-network 1`] = `"Derrière les gratte-ciels et la frénésie de la ville se trouve un véritable havre de paix, le jardin Hama Rikyu est un endroit parfait pour vous ressourcer au milieu de la plus grande mégapole du monde."`;

exports[`french pages exports meta for public/asia/japan/tokyo/hamarikyu-garden/index.html correctly: title 1`] = `"Jardin Hama-Rikyu : Un havre de paix en plein Tokyo | Blog Voyage"`;

exports[`french pages exports meta for public/asia/japan/tokyo/index.html correctly: meta-description 1`] = `"Découvrez la vie effervescente de Tokyo, la mégapole la plus peuplée du monde. Pour chaque lieu visité nous essayons de vous retranscrire au mieux notre visite en vous indiquant : Où partir ? Comment y aller ? Pourquoi ? Quand ? Combien de temps et à quelle période ?"`;

exports[`french pages exports meta for public/asia/japan/tokyo/index.html correctly: social-network 1`] = `"Découvrez la vie effervescente de Tokyo, la mégapole la plus peuplée du monde. La ville de Tokyo est tellement grande qu’il y aura forcément un quartier à votre goût. Des quartiers branchés, animés et ultra modernes au silence assourdissant des parcs du centre ville, chaque voyage a Tokyo offre une expérience différente."`;

exports[`french pages exports meta for public/asia/japan/tokyo/index.html correctly: title 1`] = `"Tokyo | Guide de Voyage"`;

exports[`french pages exports meta for public/asia/japan/tokyo/sensoji/index.html correctly: meta-description 1`] = `"Dans cet article, on répond à toutes vos questions : Comment y aller ? Quand ? Combien de temps et à quelle période ? Le tout en vous partageant notre récit de voyage et nos photos de ce sanctuaire majestueux qu’est le temple Senso-ji."`;

exports[`french pages exports meta for public/asia/japan/tokyo/sensoji/index.html correctly: social-network 1`] = `"Le temple Senso-Ji est le plus vieux temple de Tokyo, c’est un temple bouddhiste situé dans le quartier populaire d'Asakusa, il regroupe chaque jour des milliers de visiteurs et est certainement l’un des temples les plus photographiés."`;

exports[`french pages exports meta for public/asia/japan/tokyo/sensoji/index.html correctly: title 1`] = `"Sensō-ji, le plus vieux temple de Tokyo | Blog Voyage"`;

exports[`french pages exports meta for public/asia/japan/tokyo/shibuya-district/index.html correctly: meta-description 1`] = `"Embarquez avec nous à la découverte du célèbre quartier de Shibuya. On vous raconte notre journée dans cet endroit branché. Dans cet article, on vous explique tout ce qu’il faut savoir : Comment s’y rendre ? A quelle saison ? Ainsi que le budget et le temps à prévoir."`;

exports[`french pages exports meta for public/asia/japan/tokyo/shibuya-district/index.html correctly: social-network 1`] = `"Shibuya est un arrondissement incontournable de Tokyo. Véritable symbole de la culture, c’est un quartier tendance, jeune et branché. Perdez-vous dans les rues de Shibuya, de jour comme de nuit et vivez quelques jours la vie trépidante de Tokyo."`;

exports[`french pages exports meta for public/asia/japan/tokyo/shibuya-district/index.html correctly: title 1`] = `"Tokyo : Le quartier déjanté de Shibuya | Blog Voyage"`;

exports[`french pages exports meta for public/asia/japan/tokyo/two-days-in-tokyo/index.html correctly: meta-description 1`] = `"Découvrez nos deux jours à travers la ville de Tokyo pour découvrir le maximum en si peu de temps. Dans cet article, on répond à toutes vos questions : Combien de temps et à quelle période ? On vous indique également les lieux que nous avons visités."`;

exports[`french pages exports meta for public/asia/japan/tokyo/two-days-in-tokyo/index.html correctly: social-network 1`] = `"Bienvenue à Tokyo, avec ses 40 millions d'habitants, elle est la ville la plus peuplée du monde. Du quartier des affaires au quartier de la mode, de la culture à l'univers geek, chaque quartier a son univers différent."`;

exports[`french pages exports meta for public/asia/japan/tokyo/two-days-in-tokyo/index.html correctly: title 1`] = `"Deux journées à Tokyo | Blog Voyage"`;

exports[`french pages exports meta for public/asia/japan/tokyo/ueno-park/index.html correctly: meta-description 1`] = `"Découvrez à travers notre récit de voyage notre visite de ce parc gigantesque qu’est le parc de Ueno à Tokyo. Dans cet article, on répond également à toutes vos questions : Comment y aller ? Quand ? Combien de temps et à quelle période ? On vous indique également son adresse et tout ce que vous pouvez y faire."`;

exports[`french pages exports meta for public/asia/japan/tokyo/ueno-park/index.html correctly: social-network 1`] = `"Situé dans le quartier d’Ueno, le parc du même nom est le plus ancien parc du Japon. Ouvert depuis 1873, le parc est principalement connu pour ses nombreux cerisiers qui attirent des milliers de personnes au printemps. Mais il abrite également bien d’autres attractions."`;

exports[`french pages exports meta for public/asia/japan/tokyo/ueno-park/index.html correctly: title 1`] = `"Parc Ueno à Tokyo : Le rendez-vous des Sakuras | Blog Voyage"`;

exports[`french pages exports meta for public/asia/japan/tokyo/yasukuni-dori/index.html correctly: meta-description 1`] = `"Découvrez à travers notre article, une rue tant animée de jour comme de nuit, l’avenue Yasukuni-Dori. On vous indique, d’après notre expérience, comment y aller, combien de temps y rester et où se loger. Le tout avec notre récit de voyage et nos photos."`;

exports[`french pages exports meta for public/asia/japan/tokyo/yasukuni-dori/index.html correctly: social-network 1`] = `"Et tout d’un coup la lumière fut. Un peu sans crier gare, on se retrouve au milieu de la rue Yasukuni-Dori entouré de grands buildings remplis de panneaux lumineux, de bas en haut. Faites attention, Godzilla rode."`;

exports[`french pages exports meta for public/asia/japan/tokyo/yasukuni-dori/index.html correctly: title 1`] = `"Yasukuni-Dori : La rue aux milles lumières de Shinjuku | Blog Voyage"`;

exports[`french pages exports meta for public/asia/japan/transports/index.html correctly: meta-description 1`] = `"Embarquez avec nous dans cette folle aventure, un blog qui retrace tous nos voyages, et bien plus!"`;

exports[`french pages exports meta for public/asia/japan/transports/index.html correctly: social-network 1`] = `"Embarquez avec nous dans cette folle aventure, un blog qui retrace tous nos voyages, et bien plus!"`;

exports[`french pages exports meta for public/asia/japan/transports/index.html correctly: title 1`] = `"main | Blog Voyage"`;

exports[`french pages exports meta for public/asia/malaysia/east-malaysia/index.html correctly: meta-description 1`] = `"Découvrez la Malaisie Orientale, un paysage junglissime où résident encore quelques animaux sauvages. Pour chaque lieu nous essayons de vous retranscrire au mieux notre visite en vous indiquant comment y aller ? Pourquoi ? Quand ? Combien de temps et à quelle période ?"`;

exports[`french pages exports meta for public/asia/malaysia/east-malaysia/index.html correctly: social-network 1`] = `"Cette partie de la Malaisie vous emmènera dans un paysage sauvage et dans la jungle encore présente malgré la déforestation abusive. Les forêts, montagnes et rivières de Bornéo vous feront découvrir une île où résident encore quelques animaux sauvages ou en réhabilitation tels que les éléphants, les orangs-outans ou les nasiques."`;

exports[`french pages exports meta for public/asia/malaysia/east-malaysia/index.html correctly: title 1`] = `"Malaisie Orientale | Guide de Voyage"`;

exports[`french pages exports meta for public/asia/malaysia/index.html correctly: meta-description 1`] = `"On vous laisse découvrir à travers nos articles et nos photos la Malaisie entre modernité et forêt tropicale. Suivez notre guide de région en région pour découvrir notre sélection des lieux incontournables. Pour chaque lieu visité nous essayons de vous retranscrire au mieux notre visite en vous indiquant : Où partir ? Comment y aller ? Pourquoi ? Quand ? Combien de temps et à quelle période ?"`;

exports[`french pages exports meta for public/asia/malaysia/index.html correctly: social-network 1`] = `"La Malaisie est composée en deux parties. La Malaisie Occidentale (Péninsulaire ou Malaya) qui regroupe la plupart des grandes villes modernes et la Malaisie Orientale qui comprend le Nord de l’île de Bornéo et qui vous emmènera dans la jungle encore présente et peuplée d’animaux. Suivez notre guide de région en région pour découvrir notre sélection des lieux incontournables."`;

exports[`french pages exports meta for public/asia/malaysia/index.html correctly: title 1`] = `"Malaisie | Guide de Voyage"`;

exports[`french pages exports meta for public/asia/malaysia/west-malaysia/index.html correctly: meta-description 1`] = `"Découvrez la Malaisie Occidentale, de la ville jusqu’aux plantations de thé, on vous fait visiter ses différentes attractions à travers nos articles. Pour chaque lieu nous essayons de vous retranscrire au mieux notre visite en vous indiquant : Où partir ? Comment y aller ? Pourquoi ? Quand ? Combien de temps et à quelle période ?"`;

exports[`french pages exports meta for public/asia/malaysia/west-malaysia/index.html correctly: social-network 1`] = `"Outre ses grandes villes et son modernisme, la Malaisie Occidentale nous amène également dans de nombreux parcs à la recherche de la célèbre rafflesia et nous laisse admirer de somptueuses plantations de thé tel que Cameron Highlands."`;

exports[`french pages exports meta for public/asia/malaysia/west-malaysia/index.html correctly: title 1`] = `"Malaisie Occidentale | Guide de Voyage"`;

exports[`french pages exports meta for public/asia/philippines/el-nido/el-nido-paradise/index.html correctly: meta-description 1`] = `"Décor de carte postale, plage de sable blanc et eau turquoise, on vous raconte notre aventure sur l'île de Palawan. On vous donne des conseils en se fixant sur notre propre expérience. Quand partir ? Combien de jours ? Quel budget prévoir ? Comment s’y rendre ? et où loger ?"`;

exports[`french pages exports meta for public/asia/philippines/el-nido/el-nido-paradise/index.html correctly: social-network 1`] = `"Décor de carte postale, plage de sable blanc et eau turquoise ... El Nido doit impérativement faire partie de votre « Dream List » de voyage pour cette nouvelle année."`;

exports[`french pages exports meta for public/asia/philippines/el-nido/el-nido-paradise/index.html correctly: title 1`] = `"El Nido : Un petit coin de paradis | Guide de Voyage"`;

exports[`french pages exports meta for public/asia/philippines/el-nido/index.html correctly: meta-description 1`] = `"On vous emmène dans le joyau des Philippines. Pour chaque lieu visité nous essayons de vous retranscrire au mieux notre visite en vous indiquant : Où partir ? Comment y aller ? Pourquoi ? Quand ? Combien de temps et à quelle période ?"`;

exports[`french pages exports meta for public/asia/philippines/el-nido/index.html correctly: social-network 1`] = `"Et si on vous emmenait dans le joyau des Philippines sur l’île de Palawan ? Prenez votre masque et votre tuba et plongez dans ces eaux cristallines qui ne vous laisseront pas insensible. Profitez des différents tours appelés \\"Island hopping\\" pour choisir ce qui vous convient le mieux."`;

exports[`french pages exports meta for public/asia/philippines/el-nido/index.html correctly: title 1`] = `"El Nido | Blog Voyage"`;

exports[`french pages exports meta for public/asia/philippines/el-nido/tour-a/index.html correctly: meta-description 1`] = `"Dans cet article, on vous raconte en détail notre journée incroyable à la découverte du Tour A. Une description de chaque île avec notre avis et nos photos. On vous parle également du prix et de la durée du tour."`;

exports[`french pages exports meta for public/asia/philippines/el-nido/tour-a/index.html correctly: social-network 1`] = `"Des lagons aux eaux cristallines, des plages désertiques rien que pour vous et des sites de snorkeling ou de plongée encore intacts. Vous pensiez ne voir ça que dans vos rêves ? Bienvenue au tour A d’El Nido."`;

exports[`french pages exports meta for public/asia/philippines/el-nido/tour-a/index.html correctly: title 1`] = `"El Nido - Tour A : Récit et Photos | Blog Voyage"`;

exports[`french pages exports meta for public/asia/philippines/el-nido/tour-b/index.html correctly: meta-description 1`] = `"Dans cet article, on vous raconte en détail notre journée incroyable à la découverte du Tour B. Une description de chaque île avec notre avis et nos photos. On vous parle également du prix et de la durée du tour."`;

exports[`french pages exports meta for public/asia/philippines/el-nido/tour-b/index.html correctly: social-network 1`] = `"A chaque arrêt on vous emmène dans un univers différent, banc de sable singulier, cave insolite, île déserte façon Koh Lanta ou à la Robinson Crusoé, chacun de ces endroits vous transportera."`;

exports[`french pages exports meta for public/asia/philippines/el-nido/tour-b/index.html correctly: title 1`] = `"El Nido - Tour B : Récit et Photos | Blog Voyage"`;

exports[`french pages exports meta for public/asia/philippines/el-nido/which-tour/index.html correctly: meta-description 1`] = `"Dans cet article, on vous emmène à la découverte des îles de l’Archipel de Bacuit en vous détaillant les différents tours, on vous indique également tout sur la réservation, le prix et les types de bateaux qui existent."`;

exports[`french pages exports meta for public/asia/philippines/el-nido/which-tour/index.html correctly: social-network 1`] = `"Si El Nido fait partie d’une des destinations les plus réputées des Philippines c’est avant tout grâce à l’Archipel de Bacuit, ces îles paradisiaques qui en font la perle de Palawan sont d’une beauté rare."`;

exports[`french pages exports meta for public/asia/philippines/el-nido/which-tour/index.html correctly: title 1`] = `"Archipel de Bacuit : Quel tour choisir ? | Blog Voyage"`;

exports[`french pages exports meta for public/asia/philippines/index.html correctly: meta-description 1`] = `"On vous laisse découvrir à travers nos articles et nos photos, notre voyage aux Philippines. Suivez notre guide de région en région. Pour chaque lieu visité nous essayons de vous retranscrire au mieux notre visite en vous indiquant : Où partir ? Comment y aller ? Pourquoi ? Quand ? Combien de temps et à quelle période ?"`;

exports[`french pages exports meta for public/asia/philippines/index.html correctly: social-network 1`] = `"Sans aucun doute l’un des pays qui nous a le plus fait voyager et rêver de part ses paysages à couper le souffle, ses îles d’une beauté sans pareille et ses immenses spots de snorkeling et de plongée. Les Philippines, c'est plus de 7600 îles, autant dire que vous avez l’embarras du choix pour votre voyage de rêve.  On vous laisse découvrir à travers nos articles et nos photos, notre voyage aux Philippines."`;

exports[`french pages exports meta for public/asia/philippines/index.html correctly: title 1`] = `"Philippines | Blog Voyage"`;

exports[`french pages exports meta for public/asia/singapore/index.html correctly: meta-description 1`] = `"On vous laisse découvrir à travers nos articles et nos photos Singapour entre urbanisation et jungle tropicale. Suivez notre guide pour découvrir notre sélection des lieux incontournables connus et méconnus. Pour chaque lieu visité nous essayons de vous retranscrire au mieux notre visite en vous indiquant : Où partir ? Comment y aller ? Pourquoi ? Quand ? Combien de temps et à quelle période ?"`;

exports[`french pages exports meta for public/asia/singapore/index.html correctly: social-network 1`] = `"Singapour est souvent le pays oublié, le transit entre deux vols mais rarement visité, pourtant si vous prenez la peine de vous y arrêter, vous y découvrirez des endroits grandioses à la faune et la flore extraordinaire qui vous fera oublier d’être en pleine ville. Jardin botanique ou promenade dans la jungle pour observer les varans ou les calaos. Suivez notre guide pour découvrir notre sélection des lieux incontournables."`;

exports[`french pages exports meta for public/asia/singapore/index.html correctly: title 1`] = `"Singapour | Guide de Voyage"`;

exports[`french pages exports meta for public/asia/taiwan/index.html correctly: meta-description 1`] = `"On vous laisse découvrir à travers nos articles et nos photos, Taiwan et ses milles secrets. Suivez notre guide pour découvrir notre sélection des lieux incontournables. Pour chaque lieu visité nous essayons de vous retranscrire au mieux notre visite en vous indiquant : Où partir ? Comment y aller ? Pourquoi ? Quand ? Combien de temps et à quelle période ?"`;

exports[`french pages exports meta for public/asia/taiwan/index.html correctly: social-network 1`] = `"Découvrez l’île de Taiwan au-delà de sa ville moderne. Partez faire des treks dans le parc national de Taroko, découvrez la ville montagneuse de Jiufen et sa vue extraordinaire depuis ses sommets ou bien promenez vous près des plages pour découvrir des formations rocheuses atypiques. Suivez notre guide pour découvrir notre sélection des lieux incontournables."`;

exports[`french pages exports meta for public/asia/taiwan/index.html correctly: title 1`] = `"Taiwan | Guide de Voyage"`;

exports[`french pages exports meta for public/asia/vietnam/central-vietnam/index.html correctly: meta-description 1`] = `"Voyagez avec nous dans le Centre du Vietnam à travers notre carnet de voyage. Pour chaque lieu visité nous essayons de vous retranscrire au mieux notre visite en vous indiquant : Où partir ? Comment y aller ? Pourquoi ? Quand ? Combien de temps et à quelle période ?"`;

exports[`french pages exports meta for public/asia/vietnam/central-vietnam/index.html correctly: social-network 1`] = `"Voyagez avec nous dans le Centre du Vietnam à travers notre carnet de voyage. Caractérisé par des villes culturelles telles que Hué pour visiter des monuments, des plages sublimes à Da Nang pour vous reposer, de magnifiques parcs nationaux comme celui de Bach Ma ou de Phong Nha pour découvrir d’extraordinaires paysages ou bien la petite Venise du Vietnam, Hoi An et ses milles lumières."`;

exports[`french pages exports meta for public/asia/vietnam/central-vietnam/index.html correctly: title 1`] = `"Centre du Vietnam | Guide de Voyage"`;

exports[`french pages exports meta for public/asia/vietnam/index.html correctly: meta-description 1`] = `"Découvrez la ville de Himeji et les différents endroits à visiter à travers nos articles. Pour chaque lieu visité nous essayons de vous retranscrire au mieux notre visite en vous indiquant : Où partir ? Comment y aller ? Pourquoi ? Quand ? Combien de temps et à quelle période ?"`;

exports[`french pages exports meta for public/asia/vietnam/index.html correctly: social-network 1`] = `"Le Vietnam est une destination unique. Des paysages magnifiques et variés, des parcs naturels, un héritage culturel et un patrimoine historique riche ... D'Hô Chi Minh-Ville à Hanoï, en passant par Da Nang, chaque destination offre sa propre histoire et une expérience différente. On vous fait découvrir à travers nos articles et nos photos nos voyages au Vietnam."`;

exports[`french pages exports meta for public/asia/vietnam/index.html correctly: title 1`] = `"Vietnam | Guide de Voyage"`;

exports[`french pages exports meta for public/asia/vietnam/northern-vietnam/index.html correctly: meta-description 1`] = `"Voyagez avec nous dans le Nord du Vietnam à travers notre carnet de voyage. Pour chaque lieu visité nous essayons de vous retranscrire au mieux notre visite en vous indiquant : Où partir ? Comment y aller ? Pourquoi ? Quand ? Combien de temps et à quelle période ?"`;

exports[`french pages exports meta for public/asia/vietnam/northern-vietnam/index.html correctly: social-network 1`] = `"Voyagez avec nous dans le Nord du Vietnam à travers notre carnet de voyage. Découvrez Hanoi la capitale, envolez-vous vers des paysages magnifiques comme la Baie d’Halong, Tam Coc, Ninh Binh ou bien plus au Nord avec ses somptueuses rizières en terrasses. N’oubliez pas également de vous arrêter manger des spécialités, le Vietnam ravira vos papilles."`;

exports[`french pages exports meta for public/asia/vietnam/northern-vietnam/index.html correctly: title 1`] = `"Vietnam du Nord | Guide de Voyage"`;

exports[`french pages exports meta for public/asia/vietnam/prepare/index.html correctly: meta-description 1`] = `"Vous trouverez dans cet article nos informations et conseils qui vous permettront de préparer votre voyage au Vietnam. Pourquoi partir au Vietnam ? Quand partir ? Combien de jours ou semaines ? Combien d’argent prévoir ? Quelles sont les formalités ? On vous parle également des logements, des incontournables à faire et des dangers tout en vous donnant notre avis."`;

exports[`french pages exports meta for public/asia/vietnam/prepare/index.html correctly: social-network 1`] = `"Que de questions à se poser quand on prépare un voyage et surtout comment bien s’organiser ? Vous trouverez dans cet article nos informations et conseils qui vous permettront de préparer votre voyage au Vietnam."`;

exports[`french pages exports meta for public/asia/vietnam/prepare/index.html correctly: title 1`] = `"Bien préparer son voyage au Vietnam | Guide de Voyage"`;

exports[`french pages exports meta for public/asia/vietnam/southern-vietnam/can-tho/index.html correctly: meta-description 1`] = `"Le récit de notre voyage à Can Tho et plus particulièrement de son marché flottant avec en prime une visite dans une fabrication de feuille de riz. Dans cet article on te donne également nos conseils sur comment s’y rendre ? Combien de jours ? Quand partir ? Et où se loger ?"`;

exports[`french pages exports meta for public/asia/vietnam/southern-vietnam/can-tho/index.html correctly: social-network 1`] = `"Can Tho est la plus grande ville du Delta du Mékong, située sur les rives de la rivière de Hau, elle est surtout célèbre pour son très grand marché flottant."`;

exports[`french pages exports meta for public/asia/vietnam/southern-vietnam/can-tho/index.html correctly: title 1`] = `"Can Tho et son marché flottant | Guide de Voyage"`;

exports[`french pages exports meta for public/asia/vietnam/southern-vietnam/cu-chi-tunnels/index.html correctly: meta-description 1`] = `"À travers cet article on tente de vous expliquer ce que sont les tunnels de Cu Chi, on vous emmène avec nous les visiter et vous imprégnez de l’histoire du Vietnam. On répond à toutes vos questions : Comment y aller ? Pourquoi ? Quand ? Combien de temps et à quelle période ? On vous indique également le prix et où loger."`;

exports[`french pages exports meta for public/asia/vietnam/southern-vietnam/cu-chi-tunnels/index.html correctly: social-network 1`] = `"Immense ensemble de tunnels souterrains atteignant environ 250 km, ils s’étendent de Hô Chi Minh-Ville jusqu'à la frontière du Cambodge."`;

exports[`french pages exports meta for public/asia/vietnam/southern-vietnam/cu-chi-tunnels/index.html correctly: title 1`] = `"Visite des tunnels de Cu Chi : Histoire du Vietnam | Guide de Voyage"`;

exports[`french pages exports meta for public/asia/vietnam/southern-vietnam/discover/index.html correctly: meta-description 1`] = `"Notre itinéraire de voyage pour le Sud du Vietnam. Quand partir ? Combien de jours ? Quel budget prévoir ? Des questions qu’on se pose souvent avant de concrétiser un projet de voyage. On vous répond en se basant sur notre propre expérience."`;

exports[`french pages exports meta for public/asia/vietnam/southern-vietnam/discover/index.html correctly: social-network 1`] = `"Le Sud du Vietnam regorge de surprises et de découvertes, toutes plus passionnantes les unes que les autres. Entre le dynamisme de Hô Chi Minh-Ville et les excursions en bateau à l’ombre des palmiers d’eau sur le Delta du Mékong, il y en a pour tous les goûts."`;

exports[`french pages exports meta for public/asia/vietnam/southern-vietnam/discover/index.html correctly: title 1`] = `"Découverte du Vietnam du Sud | Guide de Voyage"`;

exports[`french pages exports meta for public/asia/vietnam/southern-vietnam/index.html correctly: meta-description 1`] = `"Voyagez avec nous dans le Sud du Vietnam à travers notre carnet de voyage. Pour chaque lieu visité nous essayons de vous retranscrire au mieux notre visite en vous indiquant : Où partir ? Comment y aller ? Pourquoi ? Quand ? Combien de temps et à quelle période ?"`;

exports[`french pages exports meta for public/asia/vietnam/southern-vietnam/index.html correctly: social-network 1`] = `"Voyagez avec nous dans le Sud du Vietnam à travers notre carnet de voyage. Découvrez les grandes villes comme Hô Chi Minh-Ville, son musée et ses tunnels, envolez-vous vers des paysages magnifiques autour du delta du Mékong sur des îles comme Ben Tre ou visitez avec nous le marché flottant de Cân Thơ."`;

exports[`french pages exports meta for public/asia/vietnam/southern-vietnam/index.html correctly: title 1`] = `"Vietnam du Sud | Guide de Voyage"`;

exports[`french pages exports meta for public/asia/vietnam/southern-vietnam/my-tho/index.html correctly: meta-description 1`] = `"Une petite balade en bateau au Vietnam ? Dans cet article, on vous donne notre avis sur notre visite entre Mỹ Tho et Ben Tre, un exemple de quoi faire sur le delta du Mékong. On vous donne également des conseils sur comment y aller ? Combien de jours ? Quand partir ? Et où se loger ?"`;

exports[`french pages exports meta for public/asia/vietnam/southern-vietnam/my-tho/index.html correctly: social-network 1`] = `"Loin de la foule de Hô Chi Minh-Ville, découvrez la ville de Mỹ Tho et surtout partez en excursion en bateau pour découvrir ses grands jardins tropicaux qui vous entourent."`;

exports[`french pages exports meta for public/asia/vietnam/southern-vietnam/my-tho/index.html correctly: title 1`] = `"Croisière sur le Mékong entre My Tho et Ben Tre | Guide de Voyage"`;

exports[`french pages exports meta for public/asia/vietnam/southern-vietnam/war-remnants-museum/index.html correctly: meta-description 1`] = `"Découvrez le musée des vestiges de la guerre de Hô Chi Minh-Ville (anciennement Saigon) à travers notre visite, notre avis et apprenez-en plus sur la guerre du Vietnam. Dans cet article, on répond également à toutes vos questions : Comment y aller ? Pourquoi ? Quand ? Combien de temps et à quelle période ? On vous indique également son adresse et le prix."`;

exports[`french pages exports meta for public/asia/vietnam/southern-vietnam/war-remnants-museum/index.html correctly: social-network 1`] = `"Le musée des vestiges de guerre témoigne des atrocités de la guerre d’Indochine et de la guerre du Vietnam et nous montre l’impact encore réel et actuel sur la vie des Vietnamiens."`;

exports[`french pages exports meta for public/asia/vietnam/southern-vietnam/war-remnants-museum/index.html correctly: title 1`] = `"Le Musée des Vestiges de Guerre : Histoire du Vietnam | Guide de Voyage"`;

exports[`french pages exports meta for public/asia/vietnam/transport/index.html correctly: meta-description 1`] = `"Vous trouverez dans cet article nos informations et conseils qui vous permettront de bien choisir votre moyen de transport en fonction de vos besoins. Prix ? Où réserver ? On vous dit tout en vous donnant notre avis."`;

exports[`french pages exports meta for public/asia/vietnam/transport/index.html correctly: social-network 1`] = `"Vous avez planifié vos visites au Vietnam, il ne vous reste plus qu'à trouver comment vous déplacer ? Entre transports en commun, location de vélos, scooters et motos ou bien encore réservation de tours guidés."`;

exports[`french pages exports meta for public/asia/vietnam/transport/index.html correctly: title 1`] = `"Tout savoir sur les transports au Vietnam | Guide de Voyage"`;

exports[`french pages exports meta for public/credits/index.html correctly: meta-description 1`] = `"Embarquez avec nous dans cette folle aventure, un blog qui retrace tous nos voyages, et bien plus!"`;

exports[`french pages exports meta for public/credits/index.html correctly: social-network 1`] = `"Embarquez avec nous dans cette folle aventure, un blog qui retrace tous nos voyages, et bien plus!"`;

exports[`french pages exports meta for public/credits/index.html correctly: title 1`] = `"main | Blog Voyage"`;

exports[`french pages exports meta for public/discovery/animals/index.html correctly: meta-description 1`] = `"Chaque pays apporte son lot de découvertes et d’attractions. Ici nous nommerons, à travers notre expérience et nos visites, les pays où vous pourrez observer des animaux."`;

exports[`french pages exports meta for public/discovery/animals/index.html correctly: social-network 1`] = `"Dans leur habitat ou dans des réserves protégées, observez les animaux, apprenez à les connaître, comment les protéger et conserver leur milieu naturel."`;

exports[`french pages exports meta for public/discovery/animals/index.html correctly: title 1`] = `"Observer les animaux | Guide de Voyage"`;

exports[`french pages exports meta for public/discovery/beach-holidays/index.html correctly: meta-description 1`] = `"Chaque pays apporte son lot de découvertes et d’attractions. Ici nous nommerons, à travers notre expérience et nos visites, les pays où vous pourrez vous la couler douce sous les cocotiers."`;

exports[`french pages exports meta for public/discovery/beach-holidays/index.html correctly: social-network 1`] = `"Un peu de repos bien mérité. Allongez-vous dans un transat pour profiter d’un moment rien qu’à vous au bord de la plage. Se ressourcer et décompresser en sirotant un bon cocktail."`;

exports[`french pages exports meta for public/discovery/beach-holidays/index.html correctly: title 1`] = `"Vacances farniente | Guide de Voyage"`;

exports[`french pages exports meta for public/discovery/cities/index.html correctly: meta-description 1`] = `"Chaque pays apporte son lot de découvertes et d’attractions. Ici nous nommerons, à travers notre expérience et nos visites, les pays où vous pourrez découvrir le modernisme de certaines grandes villes."`;

exports[`french pages exports meta for public/discovery/cities/index.html correctly: social-network 1`] = `"Promenez-vous dans les rues et les quartiers atypiques, visitez les endroits animés et imprégnez-vous de la culture des habitants."`;

exports[`french pages exports meta for public/discovery/cities/index.html correctly: title 1`] = `"Explorer les villes | Guide de Voyage"`;

exports[`french pages exports meta for public/discovery/monuments/index.html correctly: meta-description 1`] = `"Chaque pays apporte son lot de découvertes et d’attractions. Ici nous nommerons, à travers notre expérience et nos visites, les pays où vous pourrez visiter des monuments."`;

exports[`french pages exports meta for public/discovery/monuments/index.html correctly: social-network 1`] = `"Visite de Pyramides, Temples, Pagodes … A la poursuite de l’héritage des différentes civilisations."`;

exports[`french pages exports meta for public/discovery/monuments/index.html correctly: title 1`] = `"Visite de monuments | Guide de Voyage"`;

exports[`french pages exports meta for public/discovery/nature/index.html correctly: meta-description 1`] = `"Chaque pays apporte son lot de découvertes et d’attractions. Ici nous nommerons, à travers notre expérience et nos visites, les pays où vous pourrez contempler la nature."`;

exports[`french pages exports meta for public/discovery/nature/index.html correctly: social-network 1`] = `"Trek, randonnées ou simple promenade, dans la montagne, dans la forêt ou dans des parcs, admirez les paysages que la nature nous offre."`;

exports[`french pages exports meta for public/discovery/nature/index.html correctly: title 1`] = `"Contempler la nature | Guide de Voyage"`;

exports[`french pages exports meta for public/discovery/water-activities/index.html correctly: meta-description 1`] = `"Chaque pays apporte son lot de découvertes et d’attractions. Ici nous nommerons, à travers notre expérience et nos visites, les pays où vous pourrez faire des activités nautiques."`;

exports[`french pages exports meta for public/discovery/water-activities/index.html correctly: social-network 1`] = `"Plongée et snorkeling pour admirer les merveilles des fonds marins ou bien surf et jet-ski pour vivre des sensations fortes."`;

exports[`french pages exports meta for public/discovery/water-activities/index.html correctly: title 1`] = `"Activités nautiques | Guide de Voyage"`;

exports[`french pages exports meta for public/discovery/winter-activities/index.html correctly: meta-description 1`] = `"Chaque pays apporte son lot de découvertes et d’attractions. Ici nous nommerons, à travers notre expérience et nos visites, les pays où vous pourrez faire des activités hivernales."`;

exports[`french pages exports meta for public/discovery/winter-activities/index.html correctly: social-network 1`] = `"Profitez de la neige et de son beau manteau blanc. Enfilez vos raquettes ou vos skis et partez à l’aventure. Ou prenez votre luge et dévalez les montagnes."`;

exports[`french pages exports meta for public/discovery/winter-activities/index.html correctly: title 1`] = `"Activités hivernales | Guide de Voyage"`;

exports[`french pages exports meta for public/index.html correctly: meta-description 1`] = `"Passionnés de voyages, nous partageons sur notre blog nos aventures autour du monde. Entre astuces, conseils, récits de voyages, anecdotes ou coups de cœur, on espère que vous trouverez votre bonheur ! Un blog voyage et lifestyle d’un couple de voyageur qui a des rêves plein la tête !"`;

exports[`french pages exports meta for public/index.html correctly: social-network 1`] = `"Passionnés de voyages, nous partageons sur notre blog nos aventures autour du monde. Entre astuces, conseils, récits de voyages, anecdotes ou coups de cœur, on espère que vous trouverez votre bonheur ! Un blog voyage et lifestyle d’un couple de voyageur qui a des rêves plein la tête !"`;

exports[`french pages exports meta for public/index.html correctly: title 1`] = `"Magic of travels | Blog Voyage"`;

exports[`french pages exports meta for public/oceania/australia/index.html correctly: meta-description 1`] = `"Si comme nous vous aimez les animaux, la nature, les grands espaces et les Roads trips, l’Australie est faite pour vous. Suivez notre guide d’un État à l’autre pour découvrir notre sélection des lieux incontournables à travers nos articles et nos photos. Pour chaque lieu visité nous essayons de vous retranscrire au mieux notre visite en vous indiquant : Où partir ? Comment y aller ? Pourquoi ? Quand ? Combien de temps et à quelle période ?"`;

exports[`french pages exports meta for public/oceania/australia/index.html correctly: social-network 1`] = `"L’Australie est un pays avec tellement de choses à découvrir qu’il faudrait des années pour réussir à tout visiter. Si comme nous vous aimez les animaux, la nature, les grands espaces et les Roads trips, l’Australie est faite pour vous."`;

exports[`french pages exports meta for public/oceania/australia/index.html correctly: title 1`] = `"Australie | Guide de Voyage"`;

exports[`french pages exports meta for public/oceania/australia/northern-territory/index.html correctly: meta-description 1`] = `"Découvrez l'État du Territoire du Nord, l’un des 8 États de l’Australie. Darwin, lacs aux crocodiles, Kakadu National Park, Katherine, Daly Waters et ses pubs, à travers nos articles on vous fait découvrir différents endroits à visiter. Pour chaque lieu visité nous essayons de vous retranscrire au mieux notre visite en vous indiquant : Où partir ? Comment y aller ? Pourquoi ? Quand ? Combien de temps et à quelle période ?"`;

exports[`french pages exports meta for public/oceania/australia/northern-territory/index.html correctly: social-network 1`] = `"Possédant de nombreux lacs et parcs dont le plus grand et connu étant le Kakadu National Park, et un climat tropical, l'État du Territoire du Nord est un parfait spot pour l’observation des crocodiles. Vous aurez également l’occasion de parcourir de nombreux pubs et parcs."`;

exports[`french pages exports meta for public/oceania/australia/northern-territory/index.html correctly: title 1`] = `"Territoire du Nord | Guide de Voyage"`;

exports[`french pages exports meta for public/oceania/australia/outback/index.html correctly: meta-description 1`] = `"Découvrez l'Outback, la partie désertique de l’Australie. Alice Springs, Ayers Rock, les monts Olgas et Kings Canyon mais aussi ses nombreux animaux comme les dingos, les kangourous, les dromadaires et les reptiles. A travers nos articles on vous fait découvrir ses différents endroits à visiter. Pour chaque lieu visité nous essayons de vous retranscrire au mieux notre visite en vous indiquant : Où partir ? Comment y aller ? Pourquoi ? Quand ? Combien de temps et à quelle période ?"`;

exports[`french pages exports meta for public/oceania/australia/outback/index.html correctly: social-network 1`] = `"L’Outback est une énorme partie désertique où vous pourrez y découvrir de nombreuses formations rocheuses telles que Ayers Rock, les monts Olgas et Kings Canyon, considérées comme sacrés pour les aborigènes. Dans la ville d’Alice Springs ou sur les routes de sables rouges, vous aurez peut-être la chance d’y voir de nombreux animaux sauvages tels que les dingos, les kangourous et les dromadaires mais aussi de nombreux reptiles."`;

exports[`french pages exports meta for public/oceania/australia/outback/index.html correctly: title 1`] = `"Outback | Guide de Voyage"`;

exports[`french pages exports meta for public/oceania/australia/queensland/index.html correctly: meta-description 1`] = `"Découvrez l'État du Queensland, l’un des 8 États de l’Australie. Grande barrière de corail, forêt tropicale ou rencontre avec les koalas, à travers nos articles on vous fait découvrir différents endroits à visiter. Pour chaque lieu visité nous essayons de vous retranscrire au mieux notre visite en vous indiquant : Où partir ? Comment y aller ? Pourquoi ? Quand ? Combien de temps et à quelle période ?"`;

exports[`french pages exports meta for public/oceania/australia/queensland/index.html correctly: social-network 1`] = `"Véritable paradis des surfeurs et connu pour la grande barrière de corail, en plus de son littoral de plages sublimes vous vous retrouverez également dans des plaines interminables ou des forêts tropicales humides. C’est également l'endroit parfait pour voir des koalas dans leur habitat naturel."`;

exports[`french pages exports meta for public/oceania/australia/queensland/index.html correctly: title 1`] = `"Queensland | Guide de Voyage"`;

exports[`french pages exports meta for public/oceania/index.html correctly: meta-description 1`] = `" L’Océanie nous offre tant de choses à découvrir … paysages, animaux, villes. Retrouvez dans notre blog les plus belles perles de ce continent pour vos vacances de rêves. Où partir ? Comment y aller ? Pourquoi ? Quand ? Combien de temps et à quelle période ?"`;

exports[`french pages exports meta for public/oceania/index.html correctly: social-network 1`] = `"L’Océanie c’est le continent situé à l’autre bout du monde. Amoureux de la nature, amoureux des animaux, adeptes des grandes randonnées et treks, adepte des road trips vous serez servi avec l’Australie et la Nouvelle Zélande ... Ou bien tout simplement farniente sur les îles Fidji, vous ne pourrez être que séduit par ce continent."`;

exports[`french pages exports meta for public/oceania/index.html correctly: title 1`] = `"Océanie | Guide de Voyage"`;

exports[`french pages exports meta for public/organisation/when-to-go/autumn/index.html correctly: meta-description 1`] = `"Envie de prolonger votre été ? Tant d’endroits pour passer vos vacances en octobre, novembre ou décembre."`;

exports[`french pages exports meta for public/organisation/when-to-go/autumn/index.html correctly: social-network 1`] = `"Profitez de la rentrée pour découvrir des pays près de chez vous sans les hordes de touristes … Ou partez loin de chez vous pour un dépaysement total, l’Asie par exemple, vous rouvre ses portes.  Vous pouvez également profiter pleinement de l’automne en admirant les couleurs des arbres à cette saison qui rendent les paysages magnifiques."`;

exports[`french pages exports meta for public/organisation/when-to-go/autumn/index.html correctly: title 1`] = `"Voyager en automne | Blog Voyage"`;

exports[`french pages exports meta for public/organisation/when-to-go/spring/index.html correctly: meta-description 1`] = `"L’hiver est fini ! Il est temps d’organiser vos vacances de printemps. Mais où voyager en mars, avril et mai ?"`;

exports[`french pages exports meta for public/organisation/when-to-go/spring/index.html correctly: social-network 1`] = `"L’hiver est fini ! Il est temps d’organiser vos vacances de printemps. Mais où voyager en mars, avril et mai ? Les beaux jours arrivent, c’est le moment de profiter des paysages fleuris, d’un ciel bleu et ensoleillé et de températures agréables. En Asie, profitez des derniers mois favorables et d’une chaleur encore supportable."`;

exports[`french pages exports meta for public/organisation/when-to-go/spring/index.html correctly: title 1`] = `"Voyager au printemps | Blog Voyage"`;

exports[`french pages exports meta for public/organisation/when-to-go/winter/index.html correctly: meta-description 1`] = `"Vous êtes plutôt magie de Noël sous la neige ? Ou le manque de soleil a plutôt tendance à vous déprimer ? Tant d’endroits pour passer les vacances de vos rêves en décembre, janvier ou février."`;

exports[`french pages exports meta for public/organisation/when-to-go/winter/index.html correctly: social-network 1`] = `"Passer ses vacances près de magnifiques paysages recouverts d’un grand manteau blanc ou bien fuir le froid pour des plages paradisiaques et s’évader sous le soleil des tropiques. Tant d’endroits pour passer les vacances de vos rêves en décembre, janvier ou février."`;

exports[`french pages exports meta for public/organisation/when-to-go/winter/index.html correctly: title 1`] = `"Voyager en hiver | Blog Voyage"`;
